Archive member included to satisfy reference by file (symbol)

d:/envs/c++/arm/10 2021.10/bin/../lib/gcc/arm-none-eabi/10.3.1/../../../../arm-none-eabi/lib/thumb/v7e-m+fp/hard\libc_nano.a(lib_a-exit.o)
                              d:/envs/c++/arm/10 2021.10/bin/../lib/gcc/arm-none-eabi/10.3.1/../../../../arm-none-eabi/lib/thumb/v7e-m+fp/hard/crt0.o (exit)
d:/envs/c++/arm/10 2021.10/bin/../lib/gcc/arm-none-eabi/10.3.1/../../../../arm-none-eabi/lib/thumb/v7e-m+fp/hard\libc_nano.a(lib_a-impure.o)
                              d:/envs/c++/arm/10 2021.10/bin/../lib/gcc/arm-none-eabi/10.3.1/../../../../arm-none-eabi/lib/thumb/v7e-m+fp/hard\libc_nano.a(lib_a-exit.o) (_global_impure_ptr)
d:/envs/c++/arm/10 2021.10/bin/../lib/gcc/arm-none-eabi/10.3.1/../../../../arm-none-eabi/lib/thumb/v7e-m+fp/hard\libc_nano.a(lib_a-init.o)
                              d:/envs/c++/arm/10 2021.10/bin/../lib/gcc/arm-none-eabi/10.3.1/../../../../arm-none-eabi/lib/thumb/v7e-m+fp/hard/crt0.o (__libc_init_array)
d:/envs/c++/arm/10 2021.10/bin/../lib/gcc/arm-none-eabi/10.3.1/../../../../arm-none-eabi/lib/thumb/v7e-m+fp/hard\libc_nano.a(lib_a-memset.o)
                              d:/envs/c++/arm/10 2021.10/bin/../lib/gcc/arm-none-eabi/10.3.1/../../../../arm-none-eabi/lib/thumb/v7e-m+fp/hard/crt0.o (memset)
d:/envs/c++/arm/10 2021.10/bin/../lib/gcc/arm-none-eabi/10.3.1/thumb/v7e-m+fp/hard\libgcc.a(_arm_muldf3.o)
                              CMakeFiles/GongXun12_13.dir/Core/Task/led.c.obj (__aeabi_dmul)
d:/envs/c++/arm/10 2021.10/bin/../lib/gcc/arm-none-eabi/10.3.1/thumb/v7e-m+fp/hard\libgcc.a(_arm_addsubdf3.o)
                              CMakeFiles/GongXun12_13.dir/Core/App/Raspi/Raspi.c.obj (__aeabi_dadd)
d:/envs/c++/arm/10 2021.10/bin/../lib/gcc/arm-none-eabi/10.3.1/thumb/v7e-m+fp/hard\libgcc.a(_arm_muldivdf3.o)
                              CMakeFiles/GongXun12_13.dir/Core/Task/move.c.obj (__aeabi_ddiv)
d:/envs/c++/arm/10 2021.10/bin/../lib/gcc/arm-none-eabi/10.3.1/thumb/v7e-m+fp/hard\libgcc.a(_arm_cmpdf2.o)
                              CMakeFiles/GongXun12_13.dir/Core/Task/move.c.obj (__aeabi_dcmplt)
d:/envs/c++/arm/10 2021.10/bin/../lib/gcc/arm-none-eabi/10.3.1/thumb/v7e-m+fp/hard\libgcc.a(_arm_fixunsdfsi.o)
                              CMakeFiles/GongXun12_13.dir/Core/Task/led.c.obj (__aeabi_d2uiz)
d:/envs/c++/arm/10 2021.10/bin/../lib/gcc/arm-none-eabi/10.3.1/thumb/v7e-m+fp/hard\libgcc.a(_arm_truncdfsf2.o)
                              CMakeFiles/GongXun12_13.dir/Core/Task/move.c.obj (__aeabi_d2f)
d:/envs/c++/arm/10 2021.10/bin/../lib/gcc/arm-none-eabi/10.3.1/thumb/v7e-m+fp/hard\libgcc.a(_aeabi_uldivmod.o)
                              CMakeFiles/GongXun12_13.dir/Drivers/STM32F4xx_HAL_Driver/Src/stm32f4xx_hal_rcc.c.obj (__aeabi_uldivmod)
d:/envs/c++/arm/10 2021.10/bin/../lib/gcc/arm-none-eabi/10.3.1/thumb/v7e-m+fp/hard\libgcc.a(_udivmoddi4.o)
                              d:/envs/c++/arm/10 2021.10/bin/../lib/gcc/arm-none-eabi/10.3.1/thumb/v7e-m+fp/hard\libgcc.a(_aeabi_uldivmod.o) (__udivmoddi4)
d:/envs/c++/arm/10 2021.10/bin/../lib/gcc/arm-none-eabi/10.3.1/thumb/v7e-m+fp/hard\libgcc.a(_dvmd_tls.o)
                              d:/envs/c++/arm/10 2021.10/bin/../lib/gcc/arm-none-eabi/10.3.1/thumb/v7e-m+fp/hard\libgcc.a(_aeabi_uldivmod.o) (__aeabi_ldiv0)
d:/envs/c++/arm/10 2021.10/bin/../lib/gcc/arm-none-eabi/10.3.1/../../../../arm-none-eabi/lib/thumb/v7e-m+fp/hard\libg_nano.a(lib_a-errno.o)
                              CMakeFiles/GongXun12_13.dir/Core/Src/sysmem.c.obj (__errno)
d:/envs/c++/arm/10 2021.10/bin/../lib/gcc/arm-none-eabi/10.3.1/../../../../arm-none-eabi/lib/thumb/v7e-m+fp/hard\libg_nano.a(lib_a-memcpy-stub.o)
                              CMakeFiles/GongXun12_13.dir/Freertos/Src/queue.c.obj (memcpy)
d:/envs/c++/arm/10 2021.10/bin/../lib/gcc/arm-none-eabi/10.3.1/../../../../arm-none-eabi/lib/thumb/v7e-m+fp/hard\libg_nano.a(lib_a-sprintf.o)
                              CMakeFiles/GongXun12_13.dir/Freertos/Src/tasks.c.obj (sprintf)
d:/envs/c++/arm/10 2021.10/bin/../lib/gcc/arm-none-eabi/10.3.1/../../../../arm-none-eabi/lib/thumb/v7e-m+fp/hard\libg_nano.a(lib_a-strcpy.o)
                              CMakeFiles/GongXun12_13.dir/Freertos/Src/tasks.c.obj (strcpy)
d:/envs/c++/arm/10 2021.10/bin/../lib/gcc/arm-none-eabi/10.3.1/../../../../arm-none-eabi/lib/thumb/v7e-m+fp/hard\libg_nano.a(lib_a-strlen.o)
                              CMakeFiles/GongXun12_13.dir/Freertos/Src/tasks.c.obj (strlen)
d:/envs/c++/arm/10 2021.10/bin/../lib/gcc/arm-none-eabi/10.3.1/../../../../arm-none-eabi/lib/thumb/v7e-m+fp/hard\libg_nano.a(lib_a-nano-svfprintf.o)
                              d:/envs/c++/arm/10 2021.10/bin/../lib/gcc/arm-none-eabi/10.3.1/../../../../arm-none-eabi/lib/thumb/v7e-m+fp/hard\libg_nano.a(lib_a-sprintf.o) (_svfprintf_r)
d:/envs/c++/arm/10 2021.10/bin/../lib/gcc/arm-none-eabi/10.3.1/../../../../arm-none-eabi/lib/thumb/v7e-m+fp/hard\libg_nano.a(lib_a-nano-vfprintf_i.o)
[...]
Memory Configuration

Name             Origin             Length             Attributes
RAM              0x20000000         0x00020000         xrw
CCMRAM           0x10000000         0x00010000         xrw
FLASH            0x08000000         0x00080000         xr
*default*        0x00000000         0xffffffff

Linker script and memory map

LOAD d:/envs/c++/arm/10 2021.10/bin/../lib/gcc/arm-none-eabi/10.3.1/thumb/v7e-m+fp/hard/crti.o
LOAD d:/envs/c++/arm/10 2021.10/bin/../lib/gcc/arm-none-eabi/10.3.1/thumb/v7e-m+fp/hard/crtbegin.o
LOAD d:/envs/c++/arm/10 2021.10/bin/../lib/gcc/arm-none-eabi/10.3.1/../../../../arm-none-eabi/lib/thumb/v7e-m+fp/hard/crt0.o
START GROUP
LOAD d:/envs/c++/arm/10 2021.10/bin/../lib/gcc/arm-none-eabi/10.3.1/../../../../arm-none-eabi/lib/thumb/v7e-m+fp/hard\libc_nano.a
LOAD d:/envs/c++/arm/10 2021.10/bin/../lib/gcc/arm-none-eabi/10.3.1/../../../../arm-none-eabi/lib/thumb/v7e-m+fp/hard\libm.a
END GROUP
LOAD CMakeFiles/GongXun12_13.dir/Freertos/Src/croutine.c.obj
LOAD CMakeFiles/GongXun12_13.dir/Freertos/Src/event_groups.c.obj
LOAD CMakeFiles/GongXun12_13.dir/Freertos/Src/list.c.obj
LOAD CMakeFiles/GongXun12_13.dir/Freertos/Src/queue.c.obj
LOAD CMakeFiles/GongXun12_13.dir/Freertos/Src/stream_buffer.c.obj
LOAD CMakeFiles/GongXun12_13.dir/Freertos/Src/tasks.c.obj
LOAD CMakeFiles/GongXun12_13.dir/Freertos/Src/timers.c.obj
LOAD CMakeFiles/GongXun12_13.dir/Freertos/Port/port.c.obj
LOAD CMakeFiles/GongXun12_13.dir/Freertos/Port/heap_4.c.obj
LOAD CMakeFiles/GongXun12_13.dir/Core/Sys/System.c.obj
LOAD CMakeFiles/GongXun12_13.dir/Core/Sys/Delay.c.obj
LOAD CMakeFiles/GongXun12_13.dir/Core/Task/led.c.obj
LOAD CMakeFiles/GongXun12_13.dir/Core/Task/move.c.obj
LOAD CMakeFiles/GongXun12_13.dir/Core/Task/data.c.obj
LOAD CMakeFiles/GongXun12_13.dir/Core/Task/show.c.obj
LOAD CMakeFiles/GongXun12_13.dir/Core/Task/ps2.c.obj
LOAD CMakeFiles/GongXun12_13.dir/Core/App/PS2/pstwo.c.obj
LOAD CMakeFiles/GongXun12_13.dir/Core/App/OLED/oled.c.obj
LOAD CMakeFiles/GongXun12_13.dir/Core/App/Motor/motor.c.obj
LOAD CMakeFiles/GongXun12_13.dir/Core/App/Anotc/anotc.c.obj
LOAD CMakeFiles/GongXun12_13.dir/Core/App/Raspi/Raspi.c.obj
LOAD CMakeFiles/GongXun12_13.dir/Core/App/Servo/servo.c.obj
LOAD CMakeFiles/GongXun12_13.dir/Core/Src/main.c.obj
LOAD CMakeFiles/GongXun12_13.dir/Core/Src/gpio.c.obj
LOAD CMakeFiles/GongXun12_13.dir/Core/Src/adc.c.obj
LOAD CMakeFiles/GongXun12_13.dir/Core/Src/tim.c.obj
LOAD CMakeFiles/GongXun12_13.dir/Core/Src/usart.c.obj
LOAD CMakeFiles/GongXun12_13.dir/Core/Src/stm32f4xx_it.c.obj
LOAD CMakeFiles/GongXun12_13.dir/Core/Src/stm32f4xx_hal_msp.c.obj
LOAD CMakeFiles/GongXun12_13.dir/Core/Src/stm32f4xx_hal_timebase_tim.c.obj
LOAD CMakeFiles/GongXun12_13.dir/Drivers/STM32F4xx_HAL_Driver/Src/stm32f4xx_hal_adc.c.obj
LOAD CMakeFiles/GongXun12_13.dir/Drivers/STM32F4xx_HAL_Driver/Src/stm32f4xx_hal_adc_ex.c.obj
LOAD CMakeFiles/GongXun12_13.dir/Drivers/STM32F4xx_HAL_Driver/Src/stm32f4xx_ll_adc.c.obj
LOAD CMakeFiles/GongXun12_13.dir/Drivers/STM32F4xx_HAL_Driver/Src/stm32f4xx_hal_rcc.c.obj
LOAD CMakeFiles/GongXun12_13.dir/Drivers/STM32F4xx_HAL_Driver/Src/stm32f4xx_hal_rcc_ex.c.obj
LOAD CMakeFiles/GongXun12_13.dir/Drivers/STM32F4xx_HAL_Driver/Src/stm32f4xx_hal_flash.c.obj
LOAD CMakeFiles/GongXun12_13.dir/Drivers/STM32F4xx_HAL_Driver/Src/stm32f4xx_hal_flash_ex.c.obj
LOAD CMakeFiles/GongXun12_13.dir/Drivers/STM32F4xx_HAL_Driver/Src/stm32f4xx_hal_flash_ramfunc.c.obj
LOAD CMakeFiles/GongXun12_13.dir/Drivers/STM32F4xx_HAL_Driver/Src/stm32f4xx_hal_gpio.c.obj
LOAD CMakeFiles/GongXun12_13.dir/Drivers/STM32F4xx_HAL_Driver/Src/stm32f4xx_hal_dma_ex.c.obj
LOAD CMakeFiles/GongXun12_13.dir/Drivers/STM32F4xx_HAL_Driver/Src/stm32f4xx_hal_dma.c.obj
LOAD CMakeFiles/GongXun12_13.dir/Drivers/STM32F4xx_HAL_Driver/Src/stm32f4xx_hal_pwr.c.obj
LOAD CMakeFiles/GongXun12_13.dir/Drivers/STM32F4xx_HAL_Driver/Src/stm32f4xx_hal_pwr_ex.c.obj
LOAD CMakeFiles/GongXun12_13.dir/Drivers/STM32F4xx_HAL_Driver/Src/stm32f4xx_hal_cortex.c.obj
LOAD CMakeFiles/GongXun12_13.dir/Drivers/STM32F4xx_HAL_Driver/Src/stm32f4xx_hal.c.obj
LOAD CMakeFiles/GongXun12_13.dir/Drivers/STM32F4xx_HAL_Driver/Src/stm32f4xx_hal_exti.c.obj
LOAD CMakeFiles/GongXun12_13.dir/Drivers/STM32F4xx_HAL_Driver/Src/stm32f4xx_hal_tim.c.obj
LOAD CMakeFiles/GongXun12_13.dir/Drivers/STM32F4xx_HAL_Driver/Src/stm32f4xx_hal_tim_ex.c.obj
LOAD CMakeFiles/GongXun12_13.dir/Drivers/STM32F4xx_HAL_Driver/Src/stm32f4xx_hal_uart.c.obj
LOAD CMakeFiles/GongXun12_13.dir/Core/Src/system_stm32f4xx.c.obj
LOAD CMakeFiles/GongXun12_13.dir/Core/Src/sysmem.c.obj
LOAD CMakeFiles/GongXun12_13.dir/Core/Src/syscalls.c.obj
LOAD CMakeFiles/GongXun12_13.dir/startup_stm32f407xx.s.obj
START GROUP
LOAD d:/envs/c++/arm/10 2021.10/bin/../lib/gcc/arm-none-eabi/10.3.1/thumb/v7e-m+fp/hard\libgcc.a
LOAD d:/envs/c++/arm/10 2021.10/bin/../lib/gcc/arm-none-eabi/10.3.1/../../../../arm-none-eabi/lib/thumb/v7e-m+fp/hard\libg_nano.a
LOAD d:/envs/c++/arm/10 2021.10/bin/../lib/gcc/arm-none-eabi/10.3.1/../../../../arm-none-eabi/lib/thumb/v7e-m+fp/hard\libc_nano.a
END GROUP
START GROUP
LOAD d:/envs/c++/arm/10 2021.10/bin/../lib/gcc/arm-none-eabi/10.3.1/thumb/v7e-m+fp/hard\libgcc.a
LOAD d:/envs/c++/arm/10 2021.10/bin/../lib/gcc/arm-none-eabi/10.3.1/../../../../arm-none-eabi/lib/thumb/v7e-m+fp/hard\libc_nano.a
END GROUP
LOAD d:/envs/c++/arm/10 2021.10/bin/../lib/gcc/arm-none-eabi/10.3.1/thumb/v7e-m+fp/hard/crtend.o
LOAD d:/envs/c++/arm/10 2021.10/bin/../lib/gcc/arm-none-eabi/10.3.1/thumb/v7e-m+fp/hard/crtn.o
                0x20020000                _estack = (ORIGIN (RAM) + LENGTH (RAM))
                0x00000200                _Min_Heap_Size = 0x200
                0x00000400                _Min_Stack_Size = 0x400

.isr_vector     0x08000000      0x188
                0x08000000                . = ALIGN (0x4)
 *(.isr_vector)
 .isr_vector    0x08000000      0x188 CMakeFiles/GongXun12_13.dir/startup_stm32f407xx.s.obj
                0x08000000                g_pfnVectors
                0x08000188                . = ALIGN (0x4)

.text           0x08000190     0x9cec
                0x08000190                . = ALIGN (0x4)
 *(.text)
 .text          0x08000190       0x40 d:/envs/c++/arm/10 2021.10/bin/../lib/gcc/arm-none-eabi/10.3.1/thumb/v7e-m+fp/hard/crtbegin.o
 .text          0x080001d0      0x378 d:/envs/c++/arm/10 2021.10/bin/../lib/gcc/arm-none-eabi/10.3.1/thumb/v7e-m+fp/hard\libgcc.a(_arm_addsubdf3.o)
                0x080001d0                __aeabi_drsub
                0x080001d8                __aeabi_dsub
                0x080001d8                __subdf3
                0x080001dc                __aeabi_dadd
                0x080001dc                __adddf3
                0x08000454                __floatunsidf
                0x08000454                __aeabi_ui2d
                0x08000474                __floatsidf
                0x08000474                __aeabi_i2d
                0x08000498                __aeabi_f2d
                0x08000498                __extendsfdf2
                0x080004dc                __floatundidf
                0x080004dc                __aeabi_ul2d
                0x080004ec                __floatdidf
                0x080004ec                __aeabi_l2d
 .text          0x08000548      0x424 d:/envs/c++/arm/10 2021.10/bin/../lib/gcc/arm-none-eabi/10.3.1/thumb/v7e-m+fp/hard\libgcc.a(_arm_muldivdf3.o)
                0x08000548                __aeabi_dmul
                0x08000548                __muldf3
                0x0800079c                __divdf3
                0x0800079c                __aeabi_ddiv
 .text          0x0800096c      0x110 d:/envs/c++/arm/10 2021.10/bin/../lib/gcc/arm-none-eabi/10.3.1/thumb/v7e-m+fp/hard\libgcc.a(_arm_cmpdf2.o)
                0x0800096c                __gtdf2
                0x0800096c                __gedf2
                0x08000974                __ltdf2
                0x08000974                __ledf2
                0x0800097c                __nedf2
                0x0800097c                __eqdf2
                0x0800097c                __cmpdf2
                0x080009f8                __aeabi_cdrcmple
                0x08000a08                __aeabi_cdcmpeq
                0x08000a08                __aeabi_cdcmple
                0x08000a18                __aeabi_dcmpeq
                0x08000a2c                __aeabi_dcmplt
                0x08000a40                __aeabi_dcmple
                0x08000a54                __aeabi_dcmpge
                0x08000a68                __aeabi_dcmpgt
 .text          0x08000a7c       0x40 d:/envs/c++/arm/10 2021.10/bin/../lib/gcc/arm-none-eabi/10.3.1/thumb/v7e-m+fp/hard\libgcc.a(_arm_fixunsdfsi.o)
                0x08000a7c                __aeabi_d2uiz
                0x08000a7c                __fixunsdfsi
 .text          0x08000abc       0xa0 d:/envs/c++/arm/10 2021.10/bin/../lib/gcc/arm-none-eabi/10.3.1/thumb/v7e-m+fp/hard\libgcc.a(_arm_truncdfsf2.o)
                0x08000abc                __truncdfsf2
                0x08000abc                __aeabi_d2f
 .text          0x08000b5c       0x30 d:/envs/c++/arm/10 2021.10/bin/../lib/gcc/arm-none-eabi/10.3.1/thumb/v7e-m+fp/hard\libgcc.a(_aeabi_uldivmod.o)
                0x08000b5c                __aeabi_uldivmod
 .text          0x08000b8c      0x2d0 d:/envs/c++/arm/10 2021.10/bin/../lib/gcc/arm-none-eabi/10.3.1/thumb/v7e-m+fp/hard\libgcc.a(_udivmoddi4.o)
                0x08000b8c                __udivmoddi4
 .text          0x08000e5c        0x4 d:/envs/c++/arm/10 2021.10/bin/../lib/gcc/arm-none-eabi/10.3.1/thumb/v7e-m+fp/hard\libgcc.a(_dvmd_tls.o)
                0x08000e5c                __aeabi_idiv0
                0x08000e5c                __aeabi_ldiv0
 *(.text*)
 .text.__libc_init_array
                0x08000e60       0x48 d:/envs/c++/arm/10 2021.10/bin/../lib/gcc/arm-none-eabi/10.3.1/../../../../arm-none-eabi/lib/thumb/v7e-m+fp/hard\libc_nano.a(lib_a-init.o)
                0x08000e60                __libc_init_array
 .text.memset   0x08000ea8       0x10 d:/envs/c++/arm/10 2021.10/bin/../lib/gcc/arm-none-eabi/10.3.1/../../../../arm-none-eabi/lib/thumb/v7e-m+fp/hard\libc_nano.a(lib_a-memset.o)
                0x08000ea8                memset
 .text.vListInitialise
                0x08000eb8       0x40 CMakeFiles/GongXun12_13.dir/Freertos/Src/list.c.obj
                0x08000eb8                vListInitialise
 .text.vListInitialiseItem
                0x08000ef8       0x1a CMakeFiles/GongXun12_13.dir/Freertos/Src/list.c.obj
                0x08000ef8                vListInitialiseItem
 .text.vListInsert
                0x08000f12       0x72 CMakeFiles/GongXun12_13.dir/Freertos/Src/list.c.obj
                0x08000f12                vListInsert
 .text.uxListRemove
                0x08000f84       0x54 CMakeFiles/GongXun12_13.dir/Freertos/Src/list.c.obj
                0x08000f84                uxListRemove
 .text.xQueueGenericReset
                0x08000fd8      0x120 CMakeFiles/GongXun12_13.dir/Freertos/Src/queue.c.obj
                0x08000fd8                xQueueGenericReset
 .text.xQueueGenericCreate
                0x080010f8       0x9c CMakeFiles/GongXun12_13.dir/Freertos/Src/queue.c.obj
                0x080010f8                xQueueGenericCreate
 .text.prvInitialiseNewQueue
                0x08001194       0x46 CMakeFiles/GongXun12_13.dir/Freertos/Src/queue.c.obj
 *fill*         0x080011da        0x2 
 .text.xQueueReceive
                0x080011dc      0x1c0 CMakeFiles/GongXun12_13.dir/Freertos/Src/queue.c.obj
                0x080011dc                xQueueReceive
 .text.prvCopyDataFromQueue
                0x0800139c       0x4c CMakeFiles/GongXun12_13.dir/Freertos/Src/queue.c.obj
 .text.prvUnlockQueue
                0x080013e8       0xa4 CMakeFiles/GongXun12_13.dir/Freertos/Src/queue.c.obj
 .text.prvIsQueueEmpty
                0x0800148c       0x2c CMakeFiles/GongXun12_13.dir/Freertos/Src/queue.c.obj
 .text.vQueueAddToRegistry
                0x080014b8       0x9c CMakeFiles/GongXun12_13.dir/Freertos/Src/queue.c.obj
                0x080014b8                vQueueAddToRegistry
 .text.vQueueWaitForMessageRestricted
                0x08001554       0x68 CMakeFiles/GongXun12_13.dir/Freertos/Src/queue.c.obj
                0x08001554                vQueueWaitForMessageRestricted
 .text.xTaskCreate
                0x080015bc       0x8c CMakeFiles/GongXun12_13.dir/Freertos/Src/tasks.c.obj
                0x080015bc                xTaskCreate
 .text.prvInitialiseNewTask
                0x08001648      0x116 CMakeFiles/GongXun12_13.dir/Freertos/Src/tasks.c.obj
 *fill*         0x0800175e        0x2 
 .text.prvAddNewTaskToReadyList
                0x08001760      0x130 CMakeFiles/GongXun12_13.dir/Freertos/Src/tasks.c.obj
 .text.xTaskDelayUntil
                0x08001890       0xfc CMakeFiles/GongXun12_13.dir/Freertos/Src/tasks.c.obj
                0x08001890                xTaskDelayUntil
 .text.vTaskStartScheduler
                0x0800198c       0xa4 CMakeFiles/GongXun12_13.dir/Freertos/Src/tasks.c.obj
                0x0800198c                vTaskStartScheduler
 .text.vTaskSuspendAll
                0x08001a30       0x1c CMakeFiles/GongXun12_13.dir/Freertos/Src/tasks.c.obj
                0x08001a30                vTaskSuspendAll
 .text.xTaskResumeAll
                0x08001a4c      0x1f8 CMakeFiles/GongXun12_13.dir/Freertos/Src/tasks.c.obj
                0x08001a4c                xTaskResumeAll
 .text.xTaskGetTickCount
                0x08001c44       0x20 CMakeFiles/GongXun12_13.dir/Freertos/Src/tasks.c.obj
                0x08001c44                xTaskGetTickCount
 .text.xTaskIncrementTick
                0x08001c64      0x230 CMakeFiles/GongXun12_13.dir/Freertos/Src/tasks.c.obj
                0x08001c64                xTaskIncrementTick
 .text.vTaskSwitchContext
                0x08001e94       0xbc CMakeFiles/GongXun12_13.dir/Freertos/Src/tasks.c.obj
                0x08001e94                vTaskSwitchContext
 .text.vTaskPlaceOnEventList
                0x08001f50       0x48 CMakeFiles/GongXun12_13.dir/Freertos/Src/tasks.c.obj
                0x08001f50                vTaskPlaceOnEventList
 .text.vTaskPlaceOnEventListRestricted
                0x08001f98       0x8c CMakeFiles/GongXun12_13.dir/Freertos/Src/tasks.c.obj
                0x08001f98                vTaskPlaceOnEventListRestricted
 .text.xTaskRemoveFromEventList
                0x08002024      0x1b0 CMakeFiles/GongXun12_13.dir/Freertos/Src/tasks.c.obj
                0x08002024                xTaskRemoveFromEventList
 .text.vTaskInternalSetTimeOutState
                0x080021d4       0x2c CMakeFiles/GongXun12_13.dir/Freertos/Src/tasks.c.obj
                0x080021d4                vTaskInternalSetTimeOutState
 .text.xTaskCheckForTimeOut
                0x08002200       0xec CMakeFiles/GongXun12_13.dir/Freertos/Src/tasks.c.obj
                0x08002200                xTaskCheckForTimeOut
 .text.vTaskMissedYield
                0x080022ec       0x18 CMakeFiles/GongXun12_13.dir/Freertos/Src/tasks.c.obj
                0x080022ec                vTaskMissedYield
 .text.prvIdleTask
                0x08002304       0x30 CMakeFiles/GongXun12_13.dir/Freertos/Src/tasks.c.obj
 .text.prvInitialiseTaskLists
                0x08002334       0x80 CMakeFiles/GongXun12_13.dir/Freertos/Src/tasks.c.obj
 .text.prvCheckTasksWaitingTermination
                0x080023b4       0x5c CMakeFiles/GongXun12_13.dir/Freertos/Src/tasks.c.obj
 .text.prvDeleteTCB
                0x08002410       0x20 CMakeFiles/GongXun12_13.dir/Freertos/Src/tasks.c.obj
 .text.prvResetNextTaskUnblockTime
                0x08002430       0x38 CMakeFiles/GongXun12_13.dir/Freertos/Src/tasks.c.obj
 .text.xTaskGetSchedulerState
                0x08002468       0x3c CMakeFiles/GongXun12_13.dir/Freertos/Src/tasks.c.obj
                0x08002468                xTaskGetSchedulerState
 .text.prvAddCurrentTaskToDelayedList
                0x080024a4       0xe8 CMakeFiles/GongXun12_13.dir/Freertos/Src/tasks.c.obj
 .text.xTimerCreateTimerTask
                0x0800258c       0x64 CMakeFiles/GongXun12_13.dir/Freertos/Src/timers.c.obj
                0x0800258c                xTimerCreateTimerTask
 .text.prvReloadTimer
                0x080025f0       0x42 CMakeFiles/GongXun12_13.dir/Freertos/Src/timers.c.obj
 *fill*         0x08002632        0x2 
 .text.prvProcessExpiredTimer
                0x08002634       0x60 CMakeFiles/GongXun12_13.dir/Freertos/Src/timers.c.obj
 .text.prvTimerTask
                0x08002694       0x24 CMakeFiles/GongXun12_13.dir/Freertos/Src/timers.c.obj
 .text.prvProcessTimerOrBlockTask
                0x080026b8       0x9c CMakeFiles/GongXun12_13.dir/Freertos/Src/timers.c.obj
 .text.prvGetNextExpireTime
                0x08002754       0x48 CMakeFiles/GongXun12_13.dir/Freertos/Src/timers.c.obj
 .text.prvSampleTimeNow
                0x0800279c       0x40 CMakeFiles/GongXun12_13.dir/Freertos/Src/timers.c.obj
 .text.prvInsertTimerInActiveList
                0x080027dc       0x84 CMakeFiles/GongXun12_13.dir/Freertos/Src/timers.c.obj
 .text.prvProcessReceivedCommands
                0x08002860      0x1b4 CMakeFiles/GongXun12_13.dir/Freertos/Src/timers.c.obj
 .text.prvSwitchTimerLists
                0x08002a14       0x4c CMakeFiles/GongXun12_13.dir/Freertos/Src/timers.c.obj
 .text.prvCheckForValidListAndQueue
                0x08002a60       0x6c CMakeFiles/GongXun12_13.dir/Freertos/Src/timers.c.obj
 .text.pxPortInitialiseStack
                0x08002acc       0x68 CMakeFiles/GongXun12_13.dir/Freertos/Port/port.c.obj
                0x08002acc                pxPortInitialiseStack
 .text.prvTaskExitError
                0x08002b34       0x58 CMakeFiles/GongXun12_13.dir/Freertos/Port/port.c.obj
 *fill*         0x08002b8c        0x4 
 .text.SVC_Handler
                0x08002b90       0x28 CMakeFiles/GongXun12_13.dir/Freertos/Port/port.c.obj
                0x08002b90                SVC_Handler
 .text.prvPortStartFirstTask
                0x08002bb8       0x2c CMakeFiles/GongXun12_13.dir/Freertos/Port/port.c.obj
 .text.xPortStartScheduler
                0x08002be4      0x164 CMakeFiles/GongXun12_13.dir/Freertos/Port/port.c.obj
                0x08002be4                xPortStartScheduler
 .text.vPortEnterCritical
                0x08002d48       0x60 CMakeFiles/GongXun12_13.dir/Freertos/Port/port.c.obj
                0x08002d48                vPortEnterCritical
 .text.vPortExitCritical
                0x08002da8       0x54 CMakeFiles/GongXun12_13.dir/Freertos/Port/port.c.obj
                0x08002da8                vPortExitCritical
 *fill*         0x08002dfc        0x4 
 .text.PendSV_Handler
                0x08002e00       0x68 CMakeFiles/GongXun12_13.dir/Freertos/Port/port.c.obj
                0x08002e00                PendSV_Handler
 .text.SysTick_Handler
                0x08002e68       0x44 CMakeFiles/GongXun12_13.dir/Freertos/Port/port.c.obj
                0x08002e68                SysTick_Handler
 .text.vPortSetupTimerInterrupt
                0x08002eac       0x38 CMakeFiles/GongXun12_13.dir/Freertos/Port/port.c.obj
                0x08002eac                vPortSetupTimerInterrupt
 .text.vPortEnableVFP
                0x08002ee4       0x18 CMakeFiles/GongXun12_13.dir/Freertos/Port/port.c.obj
 .text.pvPortMalloc
                0x08002efc      0x174 CMakeFiles/GongXun12_13.dir/Freertos/Port/heap_4.c.obj
                0x08002efc                pvPortMalloc
 .text.vPortFree
                0x08003070       0xb8 CMakeFiles/GongXun12_13.dir/Freertos/Port/heap_4.c.obj
                0x08003070                vPortFree
 .text.prvHeapInit
                0x08003128       0xb8 CMakeFiles/GongXun12_13.dir/Freertos/Port/heap_4.c.obj
 .text.prvInsertBlockIntoFreeList
                0x080031e0       0xb4 CMakeFiles/GongXun12_13.dir/Freertos/Port/heap_4.c.obj
 .text.Task_Init
                0x08003294       0xb8 CMakeFiles/GongXun12_13.dir/Core/Sys/System.c.obj
                0x08003294                Task_Init
 .text.usDelayInit
                0x0800334c       0x10 CMakeFiles/GongXun12_13.dir/Core/Sys/Delay.c.obj
                0x0800334c                usDelayInit
 .text.usDelayTest
                0x0800335c       0x64 CMakeFiles/GongXun12_13.dir/Core/Sys/Delay.c.obj
                0x0800335c                usDelayTest
 .text.Delay_us_t
                0x080033c0       0x4c CMakeFiles/GongXun12_13.dir/Core/Sys/Delay.c.obj
                0x080033c0                Delay_us_t
 .text.usDelayOptimize
                0x0800340c       0x64 CMakeFiles/GongXun12_13.dir/Core/Sys/Delay.c.obj
                0x0800340c                usDelayOptimize
 .text.Delay_us
                0x08003470       0x78 CMakeFiles/GongXun12_13.dir/Core/Sys/Delay.c.obj
                0x08003470                Delay_us
 .text.Task_Led_function
                0x080034e8       0xc0 CMakeFiles/GongXun12_13.dir/Core/Task/led.c.obj
                0x080034e8                Task_Led_function
 .text.Task_Move_function
                0x080035a8      0x1c8 CMakeFiles/GongXun12_13.dir/Core/Task/move.c.obj
                0x080035a8                Task_Move_function
 .text.PS2_control
                0x08003770      0x220 CMakeFiles/GongXun12_13.dir/Core/Task/move.c.obj
                0x08003770                PS2_control
 .text.turn_right
                0x08003990       0x18 CMakeFiles/GongXun12_13.dir/Core/Task/move.c.obj
                0x08003990                turn_right
 .text.turn_left
                0x080039a8       0x18 CMakeFiles/GongXun12_13.dir/Core/Task/move.c.obj
                0x080039a8                turn_left
 .text.Task_Data_function
                0x080039c0       0x26 CMakeFiles/GongXun12_13.dir/Core/Task/data.c.obj
                0x080039c0                Task_Data_function
 *fill*         0x080039e6        0x2 
 .text.Task_Show_function
                0x080039e8       0xc8 CMakeFiles/GongXun12_13.dir/Core/Task/show.c.obj
                0x080039e8                Task_Show_function
 .text.Task_Ps2_function
                0x08003ab0       0x30 CMakeFiles/GongXun12_13.dir/Core/Task/ps2.c.obj
                0x08003ab0                Task_Ps2_function
 .text.delay_us
                0x08003ae0       0x16 CMakeFiles/GongXun12_13.dir/Core/App/PS2/pstwo.c.obj
                0x08003ae0                delay_us
 *fill*         0x08003af6        0x2 
 .text.PS2_Read
                0x08003af8       0xec CMakeFiles/GongXun12_13.dir/Core/App/PS2/pstwo.c.obj
                0x08003af8                PS2_Read
 .text.PS2_Cmd  0x08003be4       0xbc CMakeFiles/GongXun12_13.dir/Core/App/PS2/pstwo.c.obj
                0x08003be4                PS2_Cmd
 .text.PS2_ReadData
                0x08003ca0       0xe0 CMakeFiles/GongXun12_13.dir/Core/App/PS2/pstwo.c.obj
                0x08003ca0                PS2_ReadData
 .text.PS2_DataKey
                0x08003d80       0x74 CMakeFiles/GongXun12_13.dir/Core/App/PS2/pstwo.c.obj
                0x08003d80                PS2_DataKey
 .text.PS2_AnologData
                0x08003df4       0x20 CMakeFiles/GongXun12_13.dir/Core/App/PS2/pstwo.c.obj
                0x08003df4                PS2_AnologData
 .text.PS2_ClearData
                0x08003e14       0x34 CMakeFiles/GongXun12_13.dir/Core/App/PS2/pstwo.c.obj
                0x08003e14                PS2_ClearData
 .text.PS2_ShortPoll
                0x08003e48       0x50 CMakeFiles/GongXun12_13.dir/Core/App/PS2/pstwo.c.obj
                0x08003e48                PS2_ShortPoll
 .text.PS2_EnterConfing
                0x08003e98       0x68 CMakeFiles/GongXun12_13.dir/Core/App/PS2/pstwo.c.obj
                0x08003e98                PS2_EnterConfing
 .text.PS2_TurnOnAnalogMode
                0x08003f00       0x60 CMakeFiles/GongXun12_13.dir/Core/App/PS2/pstwo.c.obj
                0x08003f00                PS2_TurnOnAnalogMode
 .text.PS2_ExitConfing
                0x08003f60       0x68 CMakeFiles/GongXun12_13.dir/Core/App/PS2/pstwo.c.obj
                0x08003f60                PS2_ExitConfing
 .text.PS2_SetInit
                0x08003fc8       0x20 CMakeFiles/GongXun12_13.dir/Core/App/PS2/pstwo.c.obj
                0x08003fc8                PS2_SetInit
 .text.OLED_Refresh_Gram
                0x08003fe8       0x70 CMakeFiles/GongXun12_13.dir/Core/App/OLED/oled.c.obj
                0x08003fe8                OLED_Refresh_Gram
 .text.OLED_WR_Byte
                0x08004058       0x9c CMakeFiles/GongXun12_13.dir/Core/App/OLED/oled.c.obj
                0x08004058                OLED_WR_Byte
 .text.OLED_Clear
                0x080040f4       0x4c CMakeFiles/GongXun12_13.dir/Core/App/OLED/oled.c.obj
                0x080040f4                OLED_Clear
 .text.OLED_DrawPoint
                0x08004140       0xb4 CMakeFiles/GongXun12_13.dir/Core/App/OLED/oled.c.obj
                0x08004140                OLED_DrawPoint
 .text.OLED_ShowChar
                0x080041f4       0xe4 CMakeFiles/GongXun12_13.dir/Core/App/OLED/oled.c.obj
                0x080041f4                OLED_ShowChar
 .text.oled_pow
                0x080042d8       0x38 CMakeFiles/GongXun12_13.dir/Core/App/OLED/oled.c.obj
                0x080042d8                oled_pow
 .text.OLED_ShowNumber
                0x08004310       0xdc CMakeFiles/GongXun12_13.dir/Core/App/OLED/oled.c.obj
                0x08004310                OLED_ShowNumber
 .text.OLED_ShowString
                0x080043ec       0x64 CMakeFiles/GongXun12_13.dir/Core/App/OLED/oled.c.obj
                0x080043ec                OLED_ShowString
 .text.OLED_Init
                0x08004450      0x148 CMakeFiles/GongXun12_13.dir/Core/App/OLED/oled.c.obj
                0x08004450                OLED_Init
 .text.Car_Init
                0x08004598       0x84 CMakeFiles/GongXun12_13.dir/Core/App/Motor/motor.c.obj
                0x08004598                Car_Init
 .text.Read_Encoder
                0x0800461c       0x54 CMakeFiles/GongXun12_13.dir/Core/App/Motor/motor.c.obj
                0x0800461c                Read_Encoder
 .text.target_limit_float
                0x08004670       0x52 CMakeFiles/GongXun12_13.dir/Core/App/Motor/motor.c.obj
                0x08004670                target_limit_float
 *fill*         0x080046c2        0x2 
 .text.Limit_Pwm
                0x080046c4       0x84 CMakeFiles/GongXun12_13.dir/Core/App/Motor/motor.c.obj
                0x080046c4                Limit_Pwm
 .text.Incremental_PID_A
                0x08004748      0x14c CMakeFiles/GongXun12_13.dir/Core/App/Motor/motor.c.obj
                0x08004748                Incremental_PID_A
 .text.Incremental_PID_B
                0x08004894      0x14c CMakeFiles/GongXun12_13.dir/Core/App/Motor/motor.c.obj
                0x08004894                Incremental_PID_B
 .text.Set_Pwm  0x080049e0       0x94 CMakeFiles/GongXun12_13.dir/Core/App/Motor/motor.c.obj
                0x080049e0                Set_Pwm
 .text.Get_Velocity_Form_Encoder
                0x08004a74       0xbc CMakeFiles/GongXun12_13.dir/Core/App/Motor/motor.c.obj
                0x08004a74                Get_Velocity_Form_Encoder
 .text.Drive_Motor
                0x08004b30       0xc4 CMakeFiles/GongXun12_13.dir/Core/App/Motor/motor.c.obj
                0x08004b30                Drive_Motor
 .text.USART_Init
                0x08004bf4       0x2c CMakeFiles/GongXun12_13.dir/Core/App/Raspi/Raspi.c.obj
                0x08004bf4                USART_Init
 .text.HAL_UART_RxCpltCallback
                0x08004c20      0x178 CMakeFiles/GongXun12_13.dir/Core/App/Raspi/Raspi.c.obj
                0x08004c20                HAL_UART_RxCpltCallback
 .text.USART1_SEND
                0x08004d98       0x1c CMakeFiles/GongXun12_13.dir/Core/App/Raspi/Raspi.c.obj
                0x08004d98                USART1_SEND
 .text.Data_transform
                0x08004db4       0x60 CMakeFiles/GongXun12_13.dir/Core/App/Raspi/Raspi.c.obj
                0x08004db4                Data_transform
 .text.Check_Sum
                0x08004e14       0x78 CMakeFiles/GongXun12_13.dir/Core/App/Raspi/Raspi.c.obj
                0x08004e14                Check_Sum
 *fill*         0x08004e8c        0x4 
 .text.Recv_Process
                0x08004e90      0x214 CMakeFiles/GongXun12_13.dir/Core/App/Raspi/Raspi.c.obj
                0x08004e90                Recv_Process
 .text.Servo_init
                0x080050a4       0x30 CMakeFiles/GongXun12_13.dir/Core/App/Servo/servo.c.obj
                0x080050a4                Servo_init
 .text.Servo_up
                0x080050d4       0x28 CMakeFiles/GongXun12_13.dir/Core/App/Servo/servo.c.obj
                0x080050d4                Servo_up
 .text.Servo_down
                0x080050fc       0x28 CMakeFiles/GongXun12_13.dir/Core/App/Servo/servo.c.obj
                0x080050fc                Servo_down
 .text.main     0x08005124       0x4e CMakeFiles/GongXun12_13.dir/Core/Src/main.c.obj
                0x08005124                main
 *fill*         0x08005172        0x2 
 .text.SystemClock_Config
                0x08005174       0xd4 CMakeFiles/GongXun12_13.dir/Core/Src/main.c.obj
                0x08005174                SystemClock_Config
 .text.HAL_TIM_PeriodElapsedCallback
                0x08005248       0x24 CMakeFiles/GongXun12_13.dir/Core/Src/main.c.obj
                0x08005248                HAL_TIM_PeriodElapsedCallback
 .text.Error_Handler
                0x0800526c        0xa CMakeFiles/GongXun12_13.dir/Core/Src/main.c.obj
                0x0800526c                Error_Handler
 *fill*         0x08005276        0x2 
 .text.MX_GPIO_Init
                0x08005278      0x1a0 CMakeFiles/GongXun12_13.dir/Core/Src/gpio.c.obj
                0x08005278                MX_GPIO_Init
 .text.MX_ADC1_Init
                0x08005418       0xf0 CMakeFiles/GongXun12_13.dir/Core/Src/adc.c.obj
                0x08005418                MX_ADC1_Init
 .text.HAL_ADC_MspInit
                0x08005508       0x88 CMakeFiles/GongXun12_13.dir/Core/Src/adc.c.obj
                0x08005508                HAL_ADC_MspInit
 .text.MX_TIM2_Init
                0x08005590       0xa8 CMakeFiles/GongXun12_13.dir/Core/Src/tim.c.obj
                0x08005590                MX_TIM2_Init
 .text.MX_TIM3_Init
                0x08005638       0xa8 CMakeFiles/GongXun12_13.dir/Core/Src/tim.c.obj
                0x08005638                MX_TIM3_Init
 .text.MX_TIM8_Init
                0x080056e0      0x120 CMakeFiles/GongXun12_13.dir/Core/Src/tim.c.obj
                0x080056e0                MX_TIM8_Init
 .text.MX_TIM9_Init
                0x08005800       0xa0 CMakeFiles/GongXun12_13.dir/Core/Src/tim.c.obj
                0x08005800                MX_TIM9_Init
 .text.MX_TIM10_Init
                0x080058a0       0x9c CMakeFiles/GongXun12_13.dir/Core/Src/tim.c.obj
                0x080058a0                MX_TIM10_Init
 .text.MX_TIM11_Init
                0x0800593c       0x9c CMakeFiles/GongXun12_13.dir/Core/Src/tim.c.obj
                0x0800593c                MX_TIM11_Init
 .text.HAL_TIM_Encoder_MspInit
                0x080059d8      0x134 CMakeFiles/GongXun12_13.dir/Core/Src/tim.c.obj
                0x080059d8                HAL_TIM_Encoder_MspInit
 .text.HAL_TIM_PWM_MspInit
                0x08005b0c       0x70 CMakeFiles/GongXun12_13.dir/Core/Src/tim.c.obj
                0x08005b0c                HAL_TIM_PWM_MspInit
 .text.HAL_TIM_Base_MspInit
                0x08005b7c       0x7c CMakeFiles/GongXun12_13.dir/Core/Src/tim.c.obj
                0x08005b7c                HAL_TIM_Base_MspInit
 .text.HAL_TIM_MspPostInit
                0x08005bf8      0x164 CMakeFiles/GongXun12_13.dir/Core/Src/tim.c.obj
                0x08005bf8                HAL_TIM_MspPostInit
 .text.MX_USART1_UART_Init
                0x08005d5c       0x54 CMakeFiles/GongXun12_13.dir/Core/Src/usart.c.obj
                0x08005d5c                MX_USART1_UART_Init
 .text.MX_USART3_UART_Init
                0x08005db0       0x54 CMakeFiles/GongXun12_13.dir/Core/Src/usart.c.obj
                0x08005db0                MX_USART3_UART_Init
 .text.HAL_UART_MspInit
                0x08005e04      0x120 CMakeFiles/GongXun12_13.dir/Core/Src/usart.c.obj
                0x08005e04                HAL_UART_MspInit
 .text.NMI_Handler
                0x08005f24        0x6 CMakeFiles/GongXun12_13.dir/Core/Src/stm32f4xx_it.c.obj
                0x08005f24                NMI_Handler
 .text.HardFault_Handler
                0x08005f2a        0x6 CMakeFiles/GongXun12_13.dir/Core/Src/stm32f4xx_it.c.obj
                0x08005f2a                HardFault_Handler
 .text.MemManage_Handler
                0x08005f30        0x6 CMakeFiles/GongXun12_13.dir/Core/Src/stm32f4xx_it.c.obj
                0x08005f30                MemManage_Handler
 .text.BusFault_Handler
                0x08005f36        0x6 CMakeFiles/GongXun12_13.dir/Core/Src/stm32f4xx_it.c.obj
                0x08005f36                BusFault_Handler
 .text.UsageFault_Handler
                0x08005f3c        0x6 CMakeFiles/GongXun12_13.dir/Core/Src/stm32f4xx_it.c.obj
                0x08005f3c                UsageFault_Handler
 .text.DebugMon_Handler
                0x08005f42        0xe CMakeFiles/GongXun12_13.dir/Core/Src/stm32f4xx_it.c.obj
                0x08005f42                DebugMon_Handler
 .text.TIM1_UP_TIM10_IRQHandler
                0x08005f50       0x1c CMakeFiles/GongXun12_13.dir/Core/Src/stm32f4xx_it.c.obj
                0x08005f50                TIM1_UP_TIM10_IRQHandler
 .text.USART1_IRQHandler
                0x08005f6c       0x14 CMakeFiles/GongXun12_13.dir/Core/Src/stm32f4xx_it.c.obj
                0x08005f6c                USART1_IRQHandler
 .text.USART3_IRQHandler
                0x08005f80       0x14 CMakeFiles/GongXun12_13.dir/Core/Src/stm32f4xx_it.c.obj
                0x08005f80                USART3_IRQHandler
 .text.HAL_MspInit
                0x08005f94       0x50 CMakeFiles/GongXun12_13.dir/Core/Src/stm32f4xx_hal_msp.c.obj
                0x08005f94                HAL_MspInit
 .text.HAL_InitTick
                0x08005fe4       0xe8 CMakeFiles/GongXun12_13.dir/Core/Src/stm32f4xx_hal_timebase_tim.c.obj
                0x08005fe4                HAL_InitTick
 .text.HAL_ADC_Init
                0x080060cc       0x86 CMakeFiles/GongXun12_13.dir/Drivers/STM32F4xx_HAL_Driver/Src/stm32f4xx_hal_adc.c.obj
                0x080060cc                HAL_ADC_Init
 *fill*         0x08006152        0x2 
 .text.HAL_ADC_Start
                0x08006154      0x1a4 CMakeFiles/GongXun12_13.dir/Drivers/STM32F4xx_HAL_Driver/Src/stm32f4xx_hal_adc.c.obj
                0x08006154                HAL_ADC_Start
 .text.HAL_ADC_PollForConversion
                0x080062f8      0x116 CMakeFiles/GongXun12_13.dir/Drivers/STM32F4xx_HAL_Driver/Src/stm32f4xx_hal_adc.c.obj
                0x080062f8                HAL_ADC_PollForConversion
 .text.HAL_ADC_GetValue
                0x0800640e       0x1a CMakeFiles/GongXun12_13.dir/Drivers/STM32F4xx_HAL_Driver/Src/stm32f4xx_hal_adc.c.obj
                0x0800640e                HAL_ADC_GetValue
 .text.HAL_ADC_ConfigChannel
                0x08006428      0x244 CMakeFiles/GongXun12_13.dir/Drivers/STM32F4xx_HAL_Driver/Src/stm32f4xx_hal_adc.c.obj
                0x08006428                HAL_ADC_ConfigChannel
 .text.HAL_ADC_GetState
                0x0800666c       0x18 CMakeFiles/GongXun12_13.dir/Drivers/STM32F4xx_HAL_Driver/Src/stm32f4xx_hal_adc.c.obj
                0x0800666c                HAL_ADC_GetState
 .text.ADC_Init
                0x08006684      0x1f8 CMakeFiles/GongXun12_13.dir/Drivers/STM32F4xx_HAL_Driver/Src/stm32f4xx_hal_adc.c.obj
 .text.HAL_ADCEx_InjectedConfigChannel
                0x0800687c      0x32c CMakeFiles/GongXun12_13.dir/Drivers/STM32F4xx_HAL_Driver/Src/stm32f4xx_hal_adc_ex.c.obj
                0x0800687c                HAL_ADCEx_InjectedConfigChannel
 .text.HAL_RCC_OscConfig
                0x08006ba8      0x4f0 CMakeFiles/GongXun12_13.dir/Drivers/STM32F4xx_HAL_Driver/Src/stm32f4xx_hal_rcc.c.obj
                0x08006ba8                HAL_RCC_OscConfig
 .text.HAL_RCC_ClockConfig
                0x08007098      0x1cc CMakeFiles/GongXun12_13.dir/Drivers/STM32F4xx_HAL_Driver/Src/stm32f4xx_hal_rcc.c.obj
                0x08007098                HAL_RCC_ClockConfig
 .text.HAL_RCC_GetSysClockFreq
                0x08007264      0x18c CMakeFiles/GongXun12_13.dir/Drivers/STM32F4xx_HAL_Driver/Src/stm32f4xx_hal_rcc.c.obj
                0x08007264                HAL_RCC_GetSysClockFreq
 .text.HAL_RCC_GetHCLKFreq
                0x080073f0       0x18 CMakeFiles/GongXun12_13.dir/Drivers/STM32F4xx_HAL_Driver/Src/stm32f4xx_hal_rcc.c.obj
                0x080073f0                HAL_RCC_GetHCLKFreq
 .text.HAL_RCC_GetPCLK1Freq
                0x08007408       0x28 CMakeFiles/GongXun12_13.dir/Drivers/STM32F4xx_HAL_Driver/Src/stm32f4xx_hal_rcc.c.obj
                0x08007408                HAL_RCC_GetPCLK1Freq
 .text.HAL_RCC_GetPCLK2Freq
                0x08007430       0x28 CMakeFiles/GongXun12_13.dir/Drivers/STM32F4xx_HAL_Driver/Src/stm32f4xx_hal_rcc.c.obj
                0x08007430                HAL_RCC_GetPCLK2Freq
 .text.HAL_RCC_GetClockConfig
                0x08007458       0x64 CMakeFiles/GongXun12_13.dir/Drivers/STM32F4xx_HAL_Driver/Src/stm32f4xx_hal_rcc.c.obj
                0x08007458                HAL_RCC_GetClockConfig
 .text.HAL_GPIO_Init
                0x080074bc      0x338 CMakeFiles/GongXun12_13.dir/Drivers/STM32F4xx_HAL_Driver/Src/stm32f4xx_hal_gpio.c.obj
                0x080074bc                HAL_GPIO_Init
 .text.HAL_GPIO_ReadPin
                0x080077f4       0x30 CMakeFiles/GongXun12_13.dir/Drivers/STM32F4xx_HAL_Driver/Src/stm32f4xx_hal_gpio.c.obj
                0x080077f4                HAL_GPIO_ReadPin
 .text.HAL_GPIO_WritePin
                0x08007824       0x32 CMakeFiles/GongXun12_13.dir/Drivers/STM32F4xx_HAL_Driver/Src/stm32f4xx_hal_gpio.c.obj
                0x08007824                HAL_GPIO_WritePin
 .text.HAL_GPIO_TogglePin
                0x08007856       0x34 CMakeFiles/GongXun12_13.dir/Drivers/STM32F4xx_HAL_Driver/Src/stm32f4xx_hal_gpio.c.obj
                0x08007856                HAL_GPIO_TogglePin
 .text.HAL_DMA_Abort
                0x0800788a       0xe0 CMakeFiles/GongXun12_13.dir/Drivers/STM32F4xx_HAL_Driver/Src/stm32f4xx_hal_dma.c.obj
                0x0800788a                HAL_DMA_Abort
 .text.HAL_DMA_Abort_IT
                0x0800796a       0x44 CMakeFiles/GongXun12_13.dir/Drivers/STM32F4xx_HAL_Driver/Src/stm32f4xx_hal_dma.c.obj
                0x0800796a                HAL_DMA_Abort_IT
 *fill*         0x080079ae        0x2 
 .text.HAL_PWR_EnableBkUpAccess
                0x080079b0       0x28 CMakeFiles/GongXun12_13.dir/Drivers/STM32F4xx_HAL_Driver/Src/stm32f4xx_hal_pwr.c.obj
                0x080079b0                HAL_PWR_EnableBkUpAccess
 .text.HAL_PWR_DisableBkUpAccess
                0x080079d8       0x28 CMakeFiles/GongXun12_13.dir/Drivers/STM32F4xx_HAL_Driver/Src/stm32f4xx_hal_pwr.c.obj
                0x080079d8                HAL_PWR_DisableBkUpAccess
 .text.__NVIC_SetPriorityGrouping
                0x08007a00       0x48 CMakeFiles/GongXun12_13.dir/Drivers/STM32F4xx_HAL_Driver/Src/stm32f4xx_hal_cortex.c.obj
 .text.__NVIC_GetPriorityGrouping
                0x08007a48       0x1c CMakeFiles/GongXun12_13.dir/Drivers/STM32F4xx_HAL_Driver/Src/stm32f4xx_hal_cortex.c.obj
 .text.__NVIC_EnableIRQ
                0x08007a64       0x3c CMakeFiles/GongXun12_13.dir/Drivers/STM32F4xx_HAL_Driver/Src/stm32f4xx_hal_cortex.c.obj
 .text.__NVIC_SetPriority
                0x08007aa0       0x54 CMakeFiles/GongXun12_13.dir/Drivers/STM32F4xx_HAL_Driver/Src/stm32f4xx_hal_cortex.c.obj
 .text.NVIC_EncodePriority
                0x08007af4       0x66 CMakeFiles/GongXun12_13.dir/Drivers/STM32F4xx_HAL_Driver/Src/stm32f4xx_hal_cortex.c.obj
 .text.HAL_NVIC_SetPriorityGrouping
                0x08007b5a       0x16 CMakeFiles/GongXun12_13.dir/Drivers/STM32F4xx_HAL_Driver/Src/stm32f4xx_hal_cortex.c.obj
                0x08007b5a                HAL_NVIC_SetPriorityGrouping
 .text.HAL_NVIC_SetPriority
                0x08007b70       0x38 CMakeFiles/GongXun12_13.dir/Drivers/STM32F4xx_HAL_Driver/Src/stm32f4xx_hal_cortex.c.obj
                0x08007b70                HAL_NVIC_SetPriority
 .text.HAL_NVIC_EnableIRQ
                0x08007ba8       0x1c CMakeFiles/GongXun12_13.dir/Drivers/STM32F4xx_HAL_Driver/Src/stm32f4xx_hal_cortex.c.obj
                0x08007ba8                HAL_NVIC_EnableIRQ
 .text.HAL_Init
                0x08007bc4       0x44 CMakeFiles/GongXun12_13.dir/Drivers/STM32F4xx_HAL_Driver/Src/stm32f4xx_hal.c.obj
                0x08007bc4                HAL_Init
 .text.HAL_IncTick
                0x08007c08       0x28 CMakeFiles/GongXun12_13.dir/Drivers/STM32F4xx_HAL_Driver/Src/stm32f4xx_hal.c.obj
                0x08007c08                HAL_IncTick
 .text.HAL_GetTick
                0x08007c30       0x18 CMakeFiles/GongXun12_13.dir/Drivers/STM32F4xx_HAL_Driver/Src/stm32f4xx_hal.c.obj
                0x08007c30                HAL_GetTick
 .text.HAL_Delay
                0x08007c48       0x48 CMakeFiles/GongXun12_13.dir/Drivers/STM32F4xx_HAL_Driver/Src/stm32f4xx_hal.c.obj
                0x08007c48                HAL_Delay
 .text.HAL_TIM_Base_Init
                0x08007c90       0x9e CMakeFiles/GongXun12_13.dir/Drivers/STM32F4xx_HAL_Driver/Src/stm32f4xx_hal_tim.c.obj
                0x08007c90                HAL_TIM_Base_Init
 *fill*         0x08007d2e        0x2 
 .text.HAL_TIM_Base_Start_IT
                0x08007d30       0xe0 CMakeFiles/GongXun12_13.dir/Drivers/STM32F4xx_HAL_Driver/Src/stm32f4xx_hal_tim.c.obj
                0x08007d30                HAL_TIM_Base_Start_IT
 .text.HAL_TIM_PWM_Init
                0x08007e10       0x9e CMakeFiles/GongXun12_13.dir/Drivers/STM32F4xx_HAL_Driver/Src/stm32f4xx_hal_tim.c.obj
                0x08007e10                HAL_TIM_PWM_Init
 *fill*         0x08007eae        0x2 
 .text.HAL_TIM_PWM_Start
                0x08007eb0      0x190 CMakeFiles/GongXun12_13.dir/Drivers/STM32F4xx_HAL_Driver/Src/stm32f4xx_hal_tim.c.obj
                0x08007eb0                HAL_TIM_PWM_Start
 .text.HAL_TIM_Encoder_Init
                0x08008040      0x14c CMakeFiles/GongXun12_13.dir/Drivers/STM32F4xx_HAL_Driver/Src/stm32f4xx_hal_tim.c.obj
                0x08008040                HAL_TIM_Encoder_Init
 .text.HAL_TIM_Encoder_Start
                0x0800818c      0x11c CMakeFiles/GongXun12_13.dir/Drivers/STM32F4xx_HAL_Driver/Src/stm32f4xx_hal_tim.c.obj
                0x0800818c                HAL_TIM_Encoder_Start
 .text.HAL_TIM_IRQHandler
                0x080082a8      0x1e0 CMakeFiles/GongXun12_13.dir/Drivers/STM32F4xx_HAL_Driver/Src/stm32f4xx_hal_tim.c.obj
                0x080082a8                HAL_TIM_IRQHandler
 .text.HAL_TIM_PWM_ConfigChannel
                0x08008488      0x184 CMakeFiles/GongXun12_13.dir/Drivers/STM32F4xx_HAL_Driver/Src/stm32f4xx_hal_tim.c.obj
                0x08008488                HAL_TIM_PWM_ConfigChannel
 .text.HAL_TIM_OC_DelayElapsedCallback
                0x0800860c       0x14 CMakeFiles/GongXun12_13.dir/Drivers/STM32F4xx_HAL_Driver/Src/stm32f4xx_hal_tim.c.obj
                0x0800860c                HAL_TIM_OC_DelayElapsedCallback
 .text.HAL_TIM_IC_CaptureCallback
                0x08008620       0x14 CMakeFiles/GongXun12_13.dir/Drivers/STM32F4xx_HAL_Driver/Src/stm32f4xx_hal_tim.c.obj
                0x08008620                HAL_TIM_IC_CaptureCallback
 .text.HAL_TIM_PWM_PulseFinishedCallback
                0x08008634       0x14 CMakeFiles/GongXun12_13.dir/Drivers/STM32F4xx_HAL_Driver/Src/stm32f4xx_hal_tim.c.obj
                0x08008634                HAL_TIM_PWM_PulseFinishedCallback
 .text.HAL_TIM_TriggerCallback
                0x08008648       0x14 CMakeFiles/GongXun12_13.dir/Drivers/STM32F4xx_HAL_Driver/Src/stm32f4xx_hal_tim.c.obj
                0x08008648                HAL_TIM_TriggerCallback
 .text.TIM_Base_SetConfig
                0x0800865c      0x158 CMakeFiles/GongXun12_13.dir/Drivers/STM32F4xx_HAL_Driver/Src/stm32f4xx_hal_tim.c.obj
                0x0800865c                TIM_Base_SetConfig
 .text.TIM_OC1_SetConfig
                0x080087b4       0xe0 CMakeFiles/GongXun12_13.dir/Drivers/STM32F4xx_HAL_Driver/Src/stm32f4xx_hal_tim.c.obj
 .text.TIM_OC2_SetConfig
                0x08008894       0xec CMakeFiles/GongXun12_13.dir/Drivers/STM32F4xx_HAL_Driver/Src/stm32f4xx_hal_tim.c.obj
                0x08008894                TIM_OC2_SetConfig
 .text.TIM_OC3_SetConfig
                0x08008980       0xe8 CMakeFiles/GongXun12_13.dir/Drivers/STM32F4xx_HAL_Driver/Src/stm32f4xx_hal_tim.c.obj
 .text.TIM_OC4_SetConfig
                0x08008a68       0xac CMakeFiles/GongXun12_13.dir/Drivers/STM32F4xx_HAL_Driver/Src/stm32f4xx_hal_tim.c.obj
 .text.TIM_CCxChannelCmd
                0x08008b14       0x4a CMakeFiles/GongXun12_13.dir/Drivers/STM32F4xx_HAL_Driver/Src/stm32f4xx_hal_tim.c.obj
                0x08008b14                TIM_CCxChannelCmd
 *fill*         0x08008b5e        0x2 
 .text.HAL_TIMEx_MasterConfigSynchronization
                0x08008b60       0xf8 CMakeFiles/GongXun12_13.dir/Drivers/STM32F4xx_HAL_Driver/Src/stm32f4xx_hal_tim_ex.c.obj
                0x08008b60                HAL_TIMEx_MasterConfigSynchronization
 .text.HAL_TIMEx_ConfigBreakDeadTime
                0x08008c58       0xa4 CMakeFiles/GongXun12_13.dir/Drivers/STM32F4xx_HAL_Driver/Src/stm32f4xx_hal_tim_ex.c.obj
                0x08008c58                HAL_TIMEx_ConfigBreakDeadTime
 .text.HAL_TIMEx_CommutCallback
                0x08008cfc       0x14 CMakeFiles/GongXun12_13.dir/Drivers/STM32F4xx_HAL_Driver/Src/stm32f4xx_hal_tim_ex.c.obj
                0x08008cfc                HAL_TIMEx_CommutCallback
 .text.HAL_TIMEx_BreakCallback
                0x08008d10       0x14 CMakeFiles/GongXun12_13.dir/Drivers/STM32F4xx_HAL_Driver/Src/stm32f4xx_hal_tim_ex.c.obj
                0x08008d10                HAL_TIMEx_BreakCallback
 .text.HAL_UART_Init
                0x08008d24       0xa0 CMakeFiles/GongXun12_13.dir/Drivers/STM32F4xx_HAL_Driver/Src/stm32f4xx_hal_uart.c.obj
                0x08008d24                HAL_UART_Init
 .text.HAL_UART_Transmit
                0x08008dc4      0x116 CMakeFiles/GongXun12_13.dir/Drivers/STM32F4xx_HAL_Driver/Src/stm32f4xx_hal_uart.c.obj
                0x08008dc4                HAL_UART_Transmit
 .text.HAL_UART_Receive_IT
                0x08008eda       0x4a CMakeFiles/GongXun12_13.dir/Drivers/STM32F4xx_HAL_Driver/Src/stm32f4xx_hal_uart.c.obj
                0x08008eda                HAL_UART_Receive_IT
 .text.HAL_UART_IRQHandler
                0x08008f24      0x524 CMakeFiles/GongXun12_13.dir/Drivers/STM32F4xx_HAL_Driver/Src/stm32f4xx_hal_uart.c.obj
                0x08008f24                HAL_UART_IRQHandler
 .text.HAL_UART_TxCpltCallback
                0x08009448       0x14 CMakeFiles/GongXun12_13.dir/Drivers/STM32F4xx_HAL_Driver/Src/stm32f4xx_hal_uart.c.obj
                0x08009448                HAL_UART_TxCpltCallback
 .text.HAL_UART_ErrorCallback
                0x0800945c       0x14 CMakeFiles/GongXun12_13.dir/Drivers/STM32F4xx_HAL_Driver/Src/stm32f4xx_hal_uart.c.obj
                0x0800945c                HAL_UART_ErrorCallback
 .text.HAL_UARTEx_RxEventCallback
                0x08009470       0x18 CMakeFiles/GongXun12_13.dir/Drivers/STM32F4xx_HAL_Driver/Src/stm32f4xx_hal_uart.c.obj
                0x08009470                HAL_UARTEx_RxEventCallback
 .text.UART_WaitOnFlagUntilTimeout
                0x08009488       0xb2 CMakeFiles/GongXun12_13.dir/Drivers/STM32F4xx_HAL_Driver/Src/stm32f4xx_hal_uart.c.obj
 .text.UART_Start_Receive_IT
                0x0800953a       0x74 CMakeFiles/GongXun12_13.dir/Drivers/STM32F4xx_HAL_Driver/Src/stm32f4xx_hal_uart.c.obj
                0x0800953a                UART_Start_Receive_IT
 .text.UART_EndRxTransfer
                0x080095ae       0xc6 CMakeFiles/GongXun12_13.dir/Drivers/STM32F4xx_HAL_Driver/Src/stm32f4xx_hal_uart.c.obj
 .text.UART_DMAAbortOnError
                0x08009674       0x28 CMakeFiles/GongXun12_13.dir/Drivers/STM32F4xx_HAL_Driver/Src/stm32f4xx_hal_uart.c.obj
 .text.UART_Transmit_IT
                0x0800969c       0xa0 CMakeFiles/GongXun12_13.dir/Drivers/STM32F4xx_HAL_Driver/Src/stm32f4xx_hal_uart.c.obj
 .text.UART_EndTransmit_IT
                0x0800973c       0x30 CMakeFiles/GongXun12_13.dir/Drivers/STM32F4xx_HAL_Driver/Src/stm32f4xx_hal_uart.c.obj
 .text.UART_Receive_IT
                0x0800976c      0x17c CMakeFiles/GongXun12_13.dir/Drivers/STM32F4xx_HAL_Driver/Src/stm32f4xx_hal_uart.c.obj
 .text.UART_SetConfig
                0x080098e8      0x4e8 CMakeFiles/GongXun12_13.dir/Drivers/STM32F4xx_HAL_Driver/Src/stm32f4xx_hal_uart.c.obj
 .text.SystemInit
                0x08009dd0       0x24 CMakeFiles/GongXun12_13.dir/Core/Src/system_stm32f4xx.c.obj
                0x08009dd0                SystemInit
 .text.Reset_Handler
                0x08009df4       0x50 CMakeFiles/GongXun12_13.dir/startup_stm32f407xx.s.obj
                0x08009df4                Reset_Handler
 .text.Default_Handler
                0x08009e44        0x2 CMakeFiles/GongXun12_13.dir/startup_stm32f407xx.s.obj
                0x08009e44                RTC_Alarm_IRQHandler
                0x08009e44                HASH_RNG_IRQHandler
                0x08009e44                EXTI2_IRQHandler
                0x08009e44                TIM8_CC_IRQHandler
                0x08009e44                TIM1_CC_IRQHandler
                0x08009e44                DMA2_Stream5_IRQHandler
                0x08009e44                DMA1_Stream5_IRQHandler
                0x08009e44                PVD_IRQHandler
                0x08009e44                SDIO_IRQHandler
                0x08009e44                TAMP_STAMP_IRQHandler
                0x08009e44                CAN2_RX1_IRQHandler
                0x08009e44                EXTI3_IRQHandler
                0x08009e44                TIM8_TRG_COM_TIM14_IRQHandler
                0x08009e44                TIM8_UP_TIM13_IRQHandler
                0x08009e44                I2C3_ER_IRQHandler
                0x08009e44                EXTI0_IRQHandler
                0x08009e44                I2C2_EV_IRQHandler
                0x08009e44                DMA1_Stream2_IRQHandler
                0x08009e44                CAN1_RX0_IRQHandler
                0x08009e44                FPU_IRQHandler
                0x08009e44                OTG_HS_WKUP_IRQHandler
                0x08009e44                CAN2_SCE_IRQHandler
                0x08009e44                DMA2_Stream2_IRQHandler
                0x08009e44                SPI1_IRQHandler
                0x08009e44                TIM6_DAC_IRQHandler
                0x08009e44                TIM1_BRK_TIM9_IRQHandler
                0x08009e44                DCMI_IRQHandler
                0x08009e44                CAN2_RX0_IRQHandler
                0x08009e44                DMA2_Stream3_IRQHandler
                0x08009e44                USART6_IRQHandler
                0x08009e44                CAN1_RX1_IRQHandler
                0x08009e44                UART5_IRQHandler
                0x08009e44                DMA2_Stream0_IRQHandler
                0x08009e44                TIM4_IRQHandler
                0x08009e44                I2C1_EV_IRQHandler
                0x08009e44                DMA1_Stream6_IRQHandler
                0x08009e44                DMA1_Stream1_IRQHandler
                0x08009e44                UART4_IRQHandler
                0x08009e44                TIM3_IRQHandler
                0x08009e44                RCC_IRQHandler
                0x08009e44                TIM8_BRK_TIM12_IRQHandler
                0x08009e44                Default_Handler
                0x08009e44                EXTI15_10_IRQHandler
                0x08009e44                ADC_IRQHandler
                0x08009e44                DMA1_Stream7_IRQHandler
                0x08009e44                TIM7_IRQHandler
                0x08009e44                CAN2_TX_IRQHandler
                0x08009e44                TIM5_IRQHandler
                0x08009e44                DMA2_Stream7_IRQHandler
                0x08009e44                I2C3_EV_IRQHandler
                0x08009e44                EXTI9_5_IRQHandler
                0x08009e44                RTC_WKUP_IRQHandler
                0x08009e44                ETH_WKUP_IRQHandler
                0x08009e44                SPI2_IRQHandler
                0x08009e44                OTG_HS_EP1_IN_IRQHandler
                0x08009e44                DMA1_Stream0_IRQHandler
                0x08009e44                CAN1_TX_IRQHandler
                0x08009e44                EXTI4_IRQHandler
                0x08009e44                FSMC_IRQHandler
                0x08009e44                ETH_IRQHandler
                0x08009e44                OTG_HS_EP1_OUT_IRQHandler
                0x08009e44                WWDG_IRQHandler
                0x08009e44                TIM2_IRQHandler
                0x08009e44                OTG_FS_WKUP_IRQHandler
                0x08009e44                TIM1_TRG_COM_TIM11_IRQHandler
                0x08009e44                OTG_HS_IRQHandler
                0x08009e44                EXTI1_IRQHandler
                0x08009e44                USART2_IRQHandler
                0x08009e44                I2C2_ER_IRQHandler
                0x08009e44                DMA2_Stream1_IRQHandler
                0x08009e44                CAN1_SCE_IRQHandler
                0x08009e44                FLASH_IRQHandler
                0x08009e44                DMA2_Stream4_IRQHandler
                0x08009e44                OTG_FS_IRQHandler
                0x08009e44                SPI3_IRQHandler
                0x08009e44                DMA1_Stream4_IRQHandler
                0x08009e44                I2C1_ER_IRQHandler
                0x08009e44                DMA2_Stream6_IRQHandler
                0x08009e44                DMA1_Stream3_IRQHandler
 .text.memcpy   0x08009e46       0x1c d:/envs/c++/arm/10 2021.10/bin/../lib/gcc/arm-none-eabi/10.3.1/../../../../arm-none-eabi/lib/thumb/v7e-m+fp/hard\libg_nano.a(lib_a-memcpy-stub.o)
                0x08009e46                memcpy
 *(.glue_7)
 .glue_7        0x08009e62        0x0 linker stubs
 *(.glue_7t)
 .glue_7t       0x08009e62        0x0 linker stubs
 *(.eh_frame)
 *fill*         0x08009e62        0x2 
 .eh_frame      0x08009e64        0x0 d:/envs/c++/arm/10 2021.10/bin/../lib/gcc/arm-none-eabi/10.3.1/thumb/v7e-m+fp/hard/crtbegin.o
 *(.init)
 .init          0x08009e64        0x4 d:/envs/c++/arm/10 2021.10/bin/../lib/gcc/arm-none-eabi/10.3.1/thumb/v7e-m+fp/hard/crti.o
                0x08009e64                _init
 .init          0x08009e68        0x8 d:/envs/c++/arm/10 2021.10/bin/../lib/gcc/arm-none-eabi/10.3.1/thumb/v7e-m+fp/hard/crtn.o
 *(.fini)
 .fini          0x08009e70        0x4 d:/envs/c++/arm/10 2021.10/bin/../lib/gcc/arm-none-eabi/10.3.1/thumb/v7e-m+fp/hard/crti.o
                0x08009e70                _fini
 .fini          0x08009e74        0x8 d:/envs/c++/arm/10 2021.10/bin/../lib/gcc/arm-none-eabi/10.3.1/thumb/v7e-m+fp/hard/crtn.o
                0x08009e7c                . = ALIGN (0x4)
                0x08009e7c                _etext = .

.vfp11_veneer   0x08009e7c        0x0
 .vfp11_veneer  0x08009e7c        0x0 linker stubs

.v4_bx          0x08009e7c        0x0
 .v4_bx         0x08009e7c        0x0 linker stubs

.iplt           0x08009e7c        0x0
 .iplt          0x08009e7c        0x0 d:/envs/c++/arm/10 2021.10/bin/../lib/gcc/arm-none-eabi/10.3.1/thumb/v7e-m+fp/hard/crtbegin.o

.rodata         0x08009e7c      0xaf8
                0x08009e7c                . = ALIGN (0x4)
 *(.rodata)
 .rodata        0x08009e7c       0x17 CMakeFiles/GongXun12_13.dir/Freertos/Src/tasks.c.obj
 *fill*         0x08009e93        0x1 
 .rodata        0x08009e94        0xd CMakeFiles/GongXun12_13.dir/Freertos/Src/timers.c.obj
 *fill*         0x08009ea1        0x3 
 .rodata        0x08009ea4       0x39 CMakeFiles/GongXun12_13.dir/Core/Sys/System.c.obj
 *fill*         0x08009edd        0x3 
 .rodata        0x08009ee0       0x16 CMakeFiles/GongXun12_13.dir/Core/Task/show.c.obj
 *(.rodata*)
 *fill*         0x08009ef6        0x2 
 .rodata.oled_asc2_1206
                0x08009ef8      0x474 CMakeFiles/GongXun12_13.dir/Core/App/OLED/oled.c.obj
                0x08009ef8                oled_asc2_1206
 .rodata.oled_asc2_1608
                0x0800a36c      0x5f0 CMakeFiles/GongXun12_13.dir/Core/App/OLED/oled.c.obj
                0x0800a36c                oled_asc2_1608
 .rodata.AHBPrescTable
                0x0800a95c       0x10 CMakeFiles/GongXun12_13.dir/Core/Src/system_stm32f4xx.c.obj
                0x0800a95c                AHBPrescTable
 .rodata.APBPrescTable
                0x0800a96c        0x8 CMakeFiles/GongXun12_13.dir/Core/Src/system_stm32f4xx.c.obj
                0x0800a96c                APBPrescTable
                0x0800a974                . = ALIGN (0x4)

.ARM.extab
 *(.ARM.extab* .gnu.linkonce.armextab.*)

.ARM            0x0800a974        0x8
                0x0800a974                __exidx_start = .
 *(.ARM.exidx*)
 .ARM.exidx     0x0800a974        0x8 d:/envs/c++/arm/10 2021.10/bin/../lib/gcc/arm-none-eabi/10.3.1/thumb/v7e-m+fp/hard\libgcc.a(_udivmoddi4.o)
                0x0800a97c                __exidx_end = .

.rel.dyn        0x0800a97c        0x0
 .rel.iplt      0x0800a97c        0x0 d:/envs/c++/arm/10 2021.10/bin/../lib/gcc/arm-none-eabi/10.3.1/thumb/v7e-m+fp/hard/crtbegin.o

.preinit_array  0x0800a97c        0x0
                0x0800a97c                PROVIDE (__preinit_array_start = .)
 *(.preinit_array*)
                0x0800a97c                PROVIDE (__preinit_array_end = .)

.init_array     0x0800a97c        0x4
                0x0800a97c                PROVIDE (__init_array_start = .)
 *(SORT_BY_NAME(.init_array.*))
 *(.init_array*)
 .init_array    0x0800a97c        0x4 d:/envs/c++/arm/10 2021.10/bin/../lib/gcc/arm-none-eabi/10.3.1/thumb/v7e-m+fp/hard/crtbegin.o
                0x0800a980                PROVIDE (__init_array_end = .)

.fini_array     0x0800a980        0x4
                [!provide]                PROVIDE (__fini_array_start = .)
 *(SORT_BY_NAME(.fini_array.*))
 *(.fini_array*)
 .fini_array    0x0800a980        0x4 d:/envs/c++/arm/10 2021.10/bin/../lib/gcc/arm-none-eabi/10.3.1/thumb/v7e-m+fp/hard/crtbegin.o
                [!provide]                PROVIDE (__fini_array_end = .)
                0x0800a984                _sidata = LOADADDR (.data)

.data           0x20000000       0x48 load address 0x0800a984
                0x20000000                . = ALIGN (0x4)
                0x20000000                _sdata = .
 *(.data)
 *(.data*)
 .data.uxTopUsedPriority
                0x20000000        0x4 CMakeFiles/GongXun12_13.dir/Freertos/Src/tasks.c.obj
                0x20000000                uxTopUsedPriority
 .data.uxCriticalNesting
                0x20000004        0x4 CMakeFiles/GongXun12_13.dir/Freertos/Port/port.c.obj
 .data.Flag_Stop
                0x20000008        0x1 CMakeFiles/GongXun12_13.dir/Core/Sys/System.c.obj
                0x20000008                Flag_Stop
 *fill*         0x20000009        0x3 
 .data.Velocity_KP
                0x2000000c        0x4 CMakeFiles/GongXun12_13.dir/Core/Sys/System.c.obj
                0x2000000c                Velocity_KP
 .data.Velocity_KI
                0x20000010        0x4 CMakeFiles/GongXun12_13.dir/Core/Sys/System.c.obj
                0x20000010                Velocity_KI
 .data.Comd     0x20000014        0x2 CMakeFiles/GongXun12_13.dir/Core/Sys/System.c.obj
                0x20000014                Comd
 *fill*         0x20000016        0x2 
 .data.MASK     0x20000018       0x20 CMakeFiles/GongXun12_13.dir/Core/Sys/System.c.obj
                0x20000018                MASK
 .data.RC_Velocity
                0x20000038        0x4 CMakeFiles/GongXun12_13.dir/Core/Sys/System.c.obj
                0x20000038                RC_Velocity
 .data.uwTickPrio
                0x2000003c        0x4 CMakeFiles/GongXun12_13.dir/Drivers/STM32F4xx_HAL_Driver/Src/stm32f4xx_hal.c.obj
                0x2000003c                uwTickPrio
 .data.uwTickFreq
                0x20000040        0x1 CMakeFiles/GongXun12_13.dir/Drivers/STM32F4xx_HAL_Driver/Src/stm32f4xx_hal.c.obj
                0x20000040                uwTickFreq
 *fill*         0x20000041        0x3 
 .data.SystemCoreClock
                0x20000044        0x4 CMakeFiles/GongXun12_13.dir/Core/Src/system_stm32f4xx.c.obj
                0x20000044                SystemCoreClock
                0x20000048                . = ALIGN (0x4)
                0x20000048                _edata = .
                0x0800a9cc                _siccmram = LOADADDR (.ccmram)

.igot.plt       0x20000048        0x0 load address 0x0800a9cc
 .igot.plt      0x20000048        0x0 d:/envs/c++/arm/10 2021.10/bin/../lib/gcc/arm-none-eabi/10.3.1/thumb/v7e-m+fp/hard/crtbegin.o

.ccmram         0x10000000        0x0 load address 0x0800a9cc
                0x10000000                . = ALIGN (0x4)
                0x10000000                _sccmram = .
 *(.ccmram)
 *(.ccmram*)
                0x10000000                . = ALIGN (0x4)
                0x10000000                _eccmram = .
                0x10000000                . = ALIGN (0x4)

.bss            0x20000048     0x8bc0
                0x20000048                _sbss = .
                0x20000048                __bss_start__ = _sbss
 *(.bss)
 .bss           0x20000048       0x1c d:/envs/c++/arm/10 2021.10/bin/../lib/gcc/arm-none-eabi/10.3.1/thumb/v7e-m+fp/hard/crtbegin.o
 *(.bss*)
 .bss.xQueueRegistry
                0x20000064       0x50 CMakeFiles/GongXun12_13.dir/Freertos/Src/queue.c.obj
                0x20000064                xQueueRegistry
 .bss.pxCurrentTCB
                0x200000b4        0x4 CMakeFiles/GongXun12_13.dir/Freertos/Src/tasks.c.obj
                0x200000b4                pxCurrentTCB
 .bss.pxReadyTasksLists
                0x200000b8       0x8c CMakeFiles/GongXun12_13.dir/Freertos/Src/tasks.c.obj
 .bss.xDelayedTaskList1
                0x20000144       0x14 CMakeFiles/GongXun12_13.dir/Freertos/Src/tasks.c.obj
 .bss.xDelayedTaskList2
                0x20000158       0x14 CMakeFiles/GongXun12_13.dir/Freertos/Src/tasks.c.obj
 .bss.pxDelayedTaskList
                0x2000016c        0x4 CMakeFiles/GongXun12_13.dir/Freertos/Src/tasks.c.obj
 .bss.pxOverflowDelayedTaskList
                0x20000170        0x4 CMakeFiles/GongXun12_13.dir/Freertos/Src/tasks.c.obj
 .bss.xPendingReadyList
                0x20000174       0x14 CMakeFiles/GongXun12_13.dir/Freertos/Src/tasks.c.obj
 .bss.xTasksWaitingTermination
                0x20000188       0x14 CMakeFiles/GongXun12_13.dir/Freertos/Src/tasks.c.obj
 .bss.uxDeletedTasksWaitingCleanUp
                0x2000019c        0x4 CMakeFiles/GongXun12_13.dir/Freertos/Src/tasks.c.obj
 .bss.xSuspendedTaskList
                0x200001a0       0x14 CMakeFiles/GongXun12_13.dir/Freertos/Src/tasks.c.obj
 .bss.uxCurrentNumberOfTasks
                0x200001b4        0x4 CMakeFiles/GongXun12_13.dir/Freertos/Src/tasks.c.obj
 .bss.xTickCount
                0x200001b8        0x4 CMakeFiles/GongXun12_13.dir/Freertos/Src/tasks.c.obj
 .bss.uxTopReadyPriority
                0x200001bc        0x4 CMakeFiles/GongXun12_13.dir/Freertos/Src/tasks.c.obj
 .bss.xSchedulerRunning
                0x200001c0        0x4 CMakeFiles/GongXun12_13.dir/Freertos/Src/tasks.c.obj
 .bss.xPendedTicks
                0x200001c4        0x4 CMakeFiles/GongXun12_13.dir/Freertos/Src/tasks.c.obj
 .bss.xYieldPending
                0x200001c8        0x4 CMakeFiles/GongXun12_13.dir/Freertos/Src/tasks.c.obj
 .bss.xNumOfOverflows
                0x200001cc        0x4 CMakeFiles/GongXun12_13.dir/Freertos/Src/tasks.c.obj
 .bss.uxTaskNumber
                0x200001d0        0x4 CMakeFiles/GongXun12_13.dir/Freertos/Src/tasks.c.obj
 .bss.xNextTaskUnblockTime
                0x200001d4        0x4 CMakeFiles/GongXun12_13.dir/Freertos/Src/tasks.c.obj
 .bss.xIdleTaskHandle
                0x200001d8        0x4 CMakeFiles/GongXun12_13.dir/Freertos/Src/tasks.c.obj
 .bss.uxSchedulerSuspended
                0x200001dc        0x4 CMakeFiles/GongXun12_13.dir/Freertos/Src/tasks.c.obj
 .bss.xActiveTimerList1
                0x200001e0       0x14 CMakeFiles/GongXun12_13.dir/Freertos/Src/timers.c.obj
 .bss.xActiveTimerList2
                0x200001f4       0x14 CMakeFiles/GongXun12_13.dir/Freertos/Src/timers.c.obj
 .bss.pxCurrentTimerList
                0x20000208        0x4 CMakeFiles/GongXun12_13.dir/Freertos/Src/timers.c.obj
 .bss.pxOverflowTimerList
                0x2000020c        0x4 CMakeFiles/GongXun12_13.dir/Freertos/Src/timers.c.obj
 .bss.xTimerQueue
                0x20000210        0x4 CMakeFiles/GongXun12_13.dir/Freertos/Src/timers.c.obj
 .bss.xTimerTaskHandle
                0x20000214        0x4 CMakeFiles/GongXun12_13.dir/Freertos/Src/timers.c.obj
 .bss.xLastTime.0
                0x20000218        0x4 CMakeFiles/GongXun12_13.dir/Freertos/Src/timers.c.obj
 .bss.ucMaxSysCallPriority
                0x2000021c        0x1 CMakeFiles/GongXun12_13.dir/Freertos/Port/port.c.obj
 *fill*         0x2000021d        0x3 
 .bss.ulMaxPRIGROUPValue
                0x20000220        0x4 CMakeFiles/GongXun12_13.dir/Freertos/Port/port.c.obj
 .bss.ucHeap    0x20000224     0x8000 CMakeFiles/GongXun12_13.dir/Freertos/Port/heap_4.c.obj
 .bss.xStart    0x20008224        0x8 CMakeFiles/GongXun12_13.dir/Freertos/Port/heap_4.c.obj
 .bss.pxEnd     0x2000822c        0x4 CMakeFiles/GongXun12_13.dir/Freertos/Port/heap_4.c.obj
 .bss.xFreeBytesRemaining
                0x20008230        0x4 CMakeFiles/GongXun12_13.dir/Freertos/Port/heap_4.c.obj
 .bss.xMinimumEverFreeBytesRemaining
                0x20008234        0x4 CMakeFiles/GongXun12_13.dir/Freertos/Port/heap_4.c.obj
 .bss.xNumberOfSuccessfulAllocations
                0x20008238        0x4 CMakeFiles/GongXun12_13.dir/Freertos/Port/heap_4.c.obj
 .bss.xNumberOfSuccessfulFrees
                0x2000823c        0x4 CMakeFiles/GongXun12_13.dir/Freertos/Port/heap_4.c.obj
 .bss.Encoder_precision
                0x20008240        0x4 CMakeFiles/GongXun12_13.dir/Core/Sys/System.c.obj
                0x20008240                Encoder_precision
 .bss.Wheel_perimeter
                0x20008244        0x4 CMakeFiles/GongXun12_13.dir/Core/Sys/System.c.obj
                0x20008244                Wheel_perimeter
 .bss.Wheel_spacing
                0x20008248        0x4 CMakeFiles/GongXun12_13.dir/Core/Sys/System.c.obj
                0x20008248                Wheel_spacing
 .bss.Axle_spacing
                0x2000824c        0x4 CMakeFiles/GongXun12_13.dir/Core/Sys/System.c.obj
                0x2000824c                Axle_spacing
 .bss.Move_X    0x20008250        0x4 CMakeFiles/GongXun12_13.dir/Core/Sys/System.c.obj
                0x20008250                Move_X
 .bss.Move_Y    0x20008254        0x4 CMakeFiles/GongXun12_13.dir/Core/Sys/System.c.obj
                0x20008254                Move_Y
 .bss.Move_Z    0x20008258        0x4 CMakeFiles/GongXun12_13.dir/Core/Sys/System.c.obj
                0x20008258                Move_Z
 .bss.Velocity_KD
                0x2000825c        0x4 CMakeFiles/GongXun12_13.dir/Core/Sys/System.c.obj
                0x2000825c                Velocity_KD
 .bss.MOTOR_A   0x20008260       0x14 CMakeFiles/GongXun12_13.dir/Core/Sys/System.c.obj
                0x20008260                MOTOR_A
 .bss.MOTOR_B   0x20008274       0x14 CMakeFiles/GongXun12_13.dir/Core/Sys/System.c.obj
                0x20008274                MOTOR_B
 .bss.OriginalEncoder
                0x20008288        0x4 CMakeFiles/GongXun12_13.dir/Core/Sys/System.c.obj
                0x20008288                OriginalEncoder
 .bss.SCRATCH_SINGLE
                0x2000828c        0x1 CMakeFiles/GongXun12_13.dir/Core/Sys/System.c.obj
                0x2000828c                SCRATCH_SINGLE
 .bss.TURN_MODE
                0x2000828d        0x1 CMakeFiles/GongXun12_13.dir/Core/Sys/System.c.obj
                0x2000828d                TURN_MODE
 .bss.X_REVERSAL_SINGLE
                0x2000828e        0x1 CMakeFiles/GongXun12_13.dir/Core/Sys/System.c.obj
                0x2000828e                X_REVERSAL_SINGLE
 *fill*         0x2000828f        0x1 
 .bss.Handkey   0x20008290        0x2 CMakeFiles/GongXun12_13.dir/Core/Sys/System.c.obj
                0x20008290                Handkey
 *fill*         0x20008292        0x2 
 .bss.Data      0x20008294        0x9 CMakeFiles/GongXun12_13.dir/Core/Sys/System.c.obj
                0x20008294                Data
 *fill*         0x2000829d        0x3 
 .bss.PS2_LX    0x200082a0        0x4 CMakeFiles/GongXun12_13.dir/Core/Sys/System.c.obj
                0x200082a0                PS2_LX
 .bss.PS2_LY    0x200082a4        0x4 CMakeFiles/GongXun12_13.dir/Core/Sys/System.c.obj
                0x200082a4                PS2_LY
 .bss.PS2_RX    0x200082a8        0x4 CMakeFiles/GongXun12_13.dir/Core/Sys/System.c.obj
                0x200082a8                PS2_RX
 .bss.PS2_RY    0x200082ac        0x4 CMakeFiles/GongXun12_13.dir/Core/Sys/System.c.obj
                0x200082ac                PS2_RY
 .bss.PS2_KEY   0x200082b0        0x4 CMakeFiles/GongXun12_13.dir/Core/Sys/System.c.obj
                0x200082b0                PS2_KEY
 .bss.PS2_ON_Flag
                0x200082b4        0x1 CMakeFiles/GongXun12_13.dir/Core/Sys/System.c.obj
                0x200082b4                PS2_ON_Flag
 *fill*         0x200082b5        0x3 
 .bss.Send_Data
                0x200082b8        0x9 CMakeFiles/GongXun12_13.dir/Core/Sys/System.c.obj
                0x200082b8                Send_Data
 *fill*         0x200082c1        0x3 
 .bss.Receive_Data
                0x200082c4       0x20 CMakeFiles/GongXun12_13.dir/Core/Sys/System.c.obj
                0x200082c4                Receive_Data
 .bss.aRx1Buffer
                0x200082e4        0x1 CMakeFiles/GongXun12_13.dir/Core/Sys/System.c.obj
                0x200082e4                aRx1Buffer
 .bss.Uart1_Rx_Cnt
                0x200082e5        0x1 CMakeFiles/GongXun12_13.dir/Core/Sys/System.c.obj
                0x200082e5                Uart1_Rx_Cnt
 *fill*         0x200082e6        0x2 
 .bss.Rx1Buffer
                0x200082e8      0x100 CMakeFiles/GongXun12_13.dir/Core/Sys/System.c.obj
                0x200082e8                Rx1Buffer
 .bss.aRx3Buffer
                0x200083e8        0x1 CMakeFiles/GongXun12_13.dir/Core/Sys/System.c.obj
                0x200083e8                aRx3Buffer
 .bss.Uart3_Rx_Cnt
                0x200083e9        0x1 CMakeFiles/GongXun12_13.dir/Core/Sys/System.c.obj
                0x200083e9                Uart3_Rx_Cnt
 *fill*         0x200083ea        0x2 
 .bss.Rx3Buffer
                0x200083ec      0x100 CMakeFiles/GongXun12_13.dir/Core/Sys/System.c.obj
                0x200083ec                Rx3Buffer
 .bss.Volt      0x200084ec        0x2 CMakeFiles/GongXun12_13.dir/Core/Sys/System.c.obj
                0x200084ec                Volt
 .bss.IsStoping
                0x200084ee        0x1 CMakeFiles/GongXun12_13.dir/Core/Sys/System.c.obj
                0x200084ee                IsStoping
 *fill*         0x200084ef        0x1 
 .bss.usDelayBase
                0x200084f0        0x4 CMakeFiles/GongXun12_13.dir/Core/Sys/Delay.c.obj
                0x200084f0                usDelayBase
 .bss.TaskLedHandler
                0x200084f4        0x4 CMakeFiles/GongXun12_13.dir/Core/Task/led.c.obj
                0x200084f4                TaskLedHandler
 .bss.ADC_Value
                0x200084f8        0x2 CMakeFiles/GongXun12_13.dir/Core/Task/led.c.obj
                0x200084f8                ADC_Value
 *fill*         0x200084fa        0x2 
 .bss.TaskMoveHandler
                0x200084fc        0x4 CMakeFiles/GongXun12_13.dir/Core/Task/move.c.obj
                0x200084fc                TaskMoveHandler
 .bss.TaskDataHandler
                0x20008500        0x4 CMakeFiles/GongXun12_13.dir/Core/Task/data.c.obj
                0x20008500                TaskDataHandler
 .bss.TaskShowHandler
                0x20008504        0x4 CMakeFiles/GongXun12_13.dir/Core/Task/show.c.obj
                0x20008504                TaskShowHandler
 .bss.TaskPs2Handler
                0x20008508        0x4 CMakeFiles/GongXun12_13.dir/Core/Task/ps2.c.obj
                0x20008508                TaskPs2Handler
 .bss.Strat.0   0x2000850c        0x4 CMakeFiles/GongXun12_13.dir/Core/App/PS2/pstwo.c.obj
 .bss.OLED_GRAM
                0x20008510      0x400 CMakeFiles/GongXun12_13.dir/Core/App/OLED/oled.c.obj
                0x20008510                OLED_GRAM
 .bss.Bias.7    0x20008910        0x4 CMakeFiles/GongXun12_13.dir/Core/App/Motor/motor.c.obj
 .bss.Last_bias.6
                0x20008914        0x4 CMakeFiles/GongXun12_13.dir/Core/App/Motor/motor.c.obj
 .bss.Last_Last_bias.5
                0x20008918        0x4 CMakeFiles/GongXun12_13.dir/Core/App/Motor/motor.c.obj
 .bss.Pwm.4     0x2000891c        0x4 CMakeFiles/GongXun12_13.dir/Core/App/Motor/motor.c.obj
 .bss.Bias.3    0x20008920        0x4 CMakeFiles/GongXun12_13.dir/Core/App/Motor/motor.c.obj
 .bss.Last_bias.2
                0x20008924        0x4 CMakeFiles/GongXun12_13.dir/Core/App/Motor/motor.c.obj
 .bss.Last_Last_bias.1
                0x20008928        0x4 CMakeFiles/GongXun12_13.dir/Core/App/Motor/motor.c.obj
 .bss.Pwm.0     0x2000892c        0x4 CMakeFiles/GongXun12_13.dir/Core/App/Motor/motor.c.obj
 .bss.usart1_recv_flag.1
                0x20008930        0x1 CMakeFiles/GongXun12_13.dir/Core/App/Raspi/Raspi.c.obj
 .bss.usart3_recv_flag.0
                0x20008931        0x1 CMakeFiles/GongXun12_13.dir/Core/App/Raspi/Raspi.c.obj
 *fill*         0x20008932        0x2 
 .bss.hadc1     0x20008934       0x48 CMakeFiles/GongXun12_13.dir/Core/Src/adc.c.obj
                0x20008934                hadc1
 .bss.htim2     0x2000897c       0x48 CMakeFiles/GongXun12_13.dir/Core/Src/tim.c.obj
                0x2000897c                htim2
 .bss.htim3     0x200089c4       0x48 CMakeFiles/GongXun12_13.dir/Core/Src/tim.c.obj
                0x200089c4                htim3
 .bss.htim8     0x20008a0c       0x48 CMakeFiles/GongXun12_13.dir/Core/Src/tim.c.obj
                0x20008a0c                htim8
 .bss.htim9     0x20008a54       0x48 CMakeFiles/GongXun12_13.dir/Core/Src/tim.c.obj
                0x20008a54                htim9
 .bss.htim10    0x20008a9c       0x48 CMakeFiles/GongXun12_13.dir/Core/Src/tim.c.obj
                0x20008a9c                htim10
 .bss.htim11    0x20008ae4       0x48 CMakeFiles/GongXun12_13.dir/Core/Src/tim.c.obj
                0x20008ae4                htim11
 .bss.huart1    0x20008b2c       0x48 CMakeFiles/GongXun12_13.dir/Core/Src/usart.c.obj
                0x20008b2c                huart1
 .bss.huart3    0x20008b74       0x48 CMakeFiles/GongXun12_13.dir/Core/Src/usart.c.obj
                0x20008b74                huart3
 .bss.htim1     0x20008bbc       0x48 CMakeFiles/GongXun12_13.dir/Core/Src/stm32f4xx_hal_timebase_tim.c.obj
                0x20008bbc                htim1
 .bss.uwTick    0x20008c04        0x4 CMakeFiles/GongXun12_13.dir/Drivers/STM32F4xx_HAL_Driver/Src/stm32f4xx_hal.c.obj
                0x20008c04                uwTick
 *(COMMON)
                0x20008c08                . = ALIGN (0x4)
                0x20008c08                _ebss = .
                0x20008c08                __bss_end__ = _ebss

._user_heap_stack
                0x20008c08      0x600
                0x20008c08                . = ALIGN (0x8)
                [!provide]                PROVIDE (end = .)
                0x20008c08                PROVIDE (_end = .)
                0x20008e08                . = (. + _Min_Heap_Size)
 *fill*         0x20008c08      0x200 
                0x20009208                . = (. + _Min_Stack_Size)
 *fill*         0x20008e08      0x400 
                0x20009208                . = ALIGN (0x8)

/DISCARD/
 libc.a(*)
 libm.a(*)
 libgcc.a(*)

.ARM.attributes
                0x00000000       0x30
 *(.ARM.attributes)
 .ARM.attributes
                0x00000000       0x1e d:/envs/c++/arm/10 2021.10/bin/../lib/gcc/arm-none-eabi/10.3.1/thumb/v7e-m+fp/hard/crti.o
 .ARM.attributes
                0x0000001e       0x34 d:/envs/c++/arm/10 2021.10/bin/../lib/gcc/arm-none-eabi/10.3.1/thumb/v7e-m+fp/hard/crtbegin.o
 .ARM.attributes
                0x00000052       0x34 d:/envs/c++/arm/10 2021.10/bin/../lib/gcc/arm-none-eabi/10.3.1/../../../../arm-none-eabi/lib/thumb/v7e-m+fp/hard\libc_nano.a(lib_a-init.o)
 .ARM.attributes
                0x00000086       0x34 d:/envs/c++/arm/10 2021.10/bin/../lib/gcc/arm-none-eabi/10.3.1/../../../../arm-none-eabi/lib/thumb/v7e-m+fp/hard\libc_nano.a(lib_a-memset.o)
 .ARM.attributes
                0x000000ba       0x34 CMakeFiles/GongXun12_13.dir/Freertos/Src/list.c.obj
 .ARM.attributes
                0x000000ee       0x34 CMakeFiles/GongXun12_13.dir/Freertos/Src/queue.c.obj
 .ARM.attributes
                0x00000122       0x34 CMakeFiles/GongXun12_13.dir/Freertos/Src/tasks.c.obj
 .ARM.attributes
                0x00000156       0x34 CMakeFiles/GongXun12_13.dir/Freertos/Src/timers.c.obj
 .ARM.attributes
                0x0000018a       0x34 CMakeFiles/GongXun12_13.dir/Freertos/Port/port.c.obj
 .ARM.attributes
                0x000001be       0x34 CMakeFiles/GongXun12_13.dir/Freertos/Port/heap_4.c.obj
 .ARM.attributes
                0x000001f2       0x34 CMakeFiles/GongXun12_13.dir/Core/Sys/System.c.obj
 .ARM.attributes
                0x00000226       0x34 CMakeFiles/GongXun12_13.dir/Core/Sys/Delay.c.obj
 .ARM.attributes
                0x0000025a       0x34 CMakeFiles/GongXun12_13.dir/Core/Task/led.c.obj
 .ARM.attributes
                0x0000028e       0x34 CMakeFiles/GongXun12_13.dir/Core/Task/move.c.obj
 .ARM.attributes
                0x000002c2       0x34 CMakeFiles/GongXun12_13.dir/Core/Task/data.c.obj
 .ARM.attributes
                0x000002f6       0x34 CMakeFiles/GongXun12_13.dir/Core/Task/show.c.obj
 .ARM.attributes
                0x0000032a       0x34 CMakeFiles/GongXun12_13.dir/Core/Task/ps2.c.obj
 .ARM.attributes
                0x0000035e       0x34 CMakeFiles/GongXun12_13.dir/Core/App/PS2/pstwo.c.obj
 .ARM.attributes
                0x00000392       0x34 CMakeFiles/GongXun12_13.dir/Core/App/OLED/oled.c.obj
 .ARM.attributes
                0x000003c6       0x34 CMakeFiles/GongXun12_13.dir/Core/App/Motor/motor.c.obj
 .ARM.attributes
                0x000003fa       0x34 CMakeFiles/GongXun12_13.dir/Core/App/Raspi/Raspi.c.obj
 .ARM.attributes
                0x0000042e       0x34 CMakeFiles/GongXun12_13.dir/Core/App/Servo/servo.c.obj
 .ARM.attributes
                0x00000462       0x34 CMakeFiles/GongXun12_13.dir/Core/Src/main.c.obj
 .ARM.attributes
                0x00000496       0x34 CMakeFiles/GongXun12_13.dir/Core/Src/gpio.c.obj
 .ARM.attributes
                0x000004ca       0x34 CMakeFiles/GongXun12_13.dir/Core/Src/adc.c.obj
 .ARM.attributes
                0x000004fe       0x34 CMakeFiles/GongXun12_13.dir/Core/Src/tim.c.obj
 .ARM.attributes
                0x00000532       0x34 CMakeFiles/GongXun12_13.dir/Core/Src/usart.c.obj
 .ARM.attributes
                0x00000566       0x34 CMakeFiles/GongXun12_13.dir/Core/Src/stm32f4xx_it.c.obj
 .ARM.attributes
                0x0000059a       0x34 CMakeFiles/GongXun12_13.dir/Core/Src/stm32f4xx_hal_msp.c.obj
 .ARM.attributes
                0x000005ce       0x34 CMakeFiles/GongXun12_13.dir/Core/Src/stm32f4xx_hal_timebase_tim.c.obj
 .ARM.attributes
                0x00000602       0x34 CMakeFiles/GongXun12_13.dir/Drivers/STM32F4xx_HAL_Driver/Src/stm32f4xx_hal_adc.c.obj
 .ARM.attributes
                0x00000636       0x34 CMakeFiles/GongXun12_13.dir/Drivers/STM32F4xx_HAL_Driver/Src/stm32f4xx_hal_adc_ex.c.obj
 .ARM.attributes
                0x0000066a       0x34 CMakeFiles/GongXun12_13.dir/Drivers/STM32F4xx_HAL_Driver/Src/stm32f4xx_hal_rcc.c.obj
 .ARM.attributes
                0x0000069e       0x34 CMakeFiles/GongXun12_13.dir/Drivers/STM32F4xx_HAL_Driver/Src/stm32f4xx_hal_gpio.c.obj
 .ARM.attributes
                0x000006d2       0x34 CMakeFiles/GongXun12_13.dir/Drivers/STM32F4xx_HAL_Driver/Src/stm32f4xx_hal_dma.c.obj
 .ARM.attributes
                0x00000706       0x34 CMakeFiles/GongXun12_13.dir/Drivers/STM32F4xx_HAL_Driver/Src/stm32f4xx_hal_pwr.c.obj
 .ARM.attributes
                0x0000073a       0x34 CMakeFiles/GongXun12_13.dir/Drivers/STM32F4xx_HAL_Driver/Src/stm32f4xx_hal_cortex.c.obj
 .ARM.attributes
                0x0000076e       0x34 CMakeFiles/GongXun12_13.dir/Drivers/STM32F4xx_HAL_Driver/Src/stm32f4xx_hal.c.obj
 .ARM.attributes
                0x000007a2       0x34 CMakeFiles/GongXun12_13.dir/Drivers/STM32F4xx_HAL_Driver/Src/stm32f4xx_hal_tim.c.obj
 .ARM.attributes
                0x000007d6       0x34 CMakeFiles/GongXun12_13.dir/Drivers/STM32F4xx_HAL_Driver/Src/stm32f4xx_hal_tim_ex.c.obj
 .ARM.attributes
                0x0000080a       0x34 CMakeFiles/GongXun12_13.dir/Drivers/STM32F4xx_HAL_Driver/Src/stm32f4xx_hal_uart.c.obj
 .ARM.attributes
                0x0000083e       0x34 CMakeFiles/GongXun12_13.dir/Core/Src/system_stm32f4xx.c.obj
 .ARM.attributes
                0x00000872       0x21 CMakeFiles/GongXun12_13.dir/startup_stm32f407xx.s.obj
 .ARM.attributes
                0x00000893       0x1e d:/envs/c++/arm/10 2021.10/bin/../lib/gcc/arm-none-eabi/10.3.1/thumb/v7e-m+fp/hard\libgcc.a(_arm_addsubdf3.o)
 .ARM.attributes
                0x000008b1       0x1e d:/envs/c++/arm/10 2021.10/bin/../lib/gcc/arm-none-eabi/10.3.1/thumb/v7e-m+fp/hard\libgcc.a(_arm_muldivdf3.o)
 .ARM.attributes
                0x000008cf       0x1e d:/envs/c++/arm/10 2021.10/bin/../lib/gcc/arm-none-eabi/10.3.1/thumb/v7e-m+fp/hard\libgcc.a(_arm_cmpdf2.o)
 .ARM.attributes
                0x000008ed       0x1e d:/envs/c++/arm/10 2021.10/bin/../lib/gcc/arm-none-eabi/10.3.1/thumb/v7e-m+fp/hard\libgcc.a(_arm_fixunsdfsi.o)
 .ARM.attributes
                0x0000090b       0x1e d:/envs/c++/arm/10 2021.10/bin/../lib/gcc/arm-none-eabi/10.3.1/thumb/v7e-m+fp/hard\libgcc.a(_arm_truncdfsf2.o)
 .ARM.attributes
                0x00000929       0x1e d:/envs/c++/arm/10 2021.10/bin/../lib/gcc/arm-none-eabi/10.3.1/thumb/v7e-m+fp/hard\libgcc.a(_aeabi_uldivmod.o)
 .ARM.attributes
                0x00000947       0x34 d:/envs/c++/arm/10 2021.10/bin/../lib/gcc/arm-none-eabi/10.3.1/thumb/v7e-m+fp/hard\libgcc.a(_udivmoddi4.o)
 .ARM.attributes
                0x0000097b       0x1e d:/envs/c++/arm/10 2021.10/bin/../lib/gcc/arm-none-eabi/10.3.1/thumb/v7e-m+fp/hard\libgcc.a(_dvmd_tls.o)
 .ARM.attributes
                0x00000999       0x34 d:/envs/c++/arm/10 2021.10/bin/../lib/gcc/arm-none-eabi/10.3.1/../../../../arm-none-eabi/lib/thumb/v7e-m+fp/hard\libg_nano.a(lib_a-memcpy-stub.o)
 .ARM.attributes
                0x000009cd       0x1e d:/envs/c++/arm/10 2021.10/bin/../lib/gcc/arm-none-eabi/10.3.1/thumb/v7e-m+fp/hard/crtn.o
OUTPUT(GongXun12_13.elf elf32-littlearm)
LOAD linker stubs
LOAD d:/envs/c++/arm/10 2021.10/bin/../lib/gcc/arm-none-eabi/10.3.1/../../../../arm-none-eabi/lib/thumb/v7e-m+fp/hard\libc.a
LOAD d:/envs/c++/arm/10 2021.10/bin/../lib/gcc/arm-none-eabi/10.3.1/../../../../arm-none-eabi/lib/thumb/v7e-m+fp/hard\libm.a
LOAD d:/envs/c++/arm/10 2021.10/bin/../lib/gcc/arm-none-eabi/10.3.1/thumb/v7e-m+fp/hard\libgcc.a

.debug_frame    0x00000000     0x5ffc
 .debug_frame   0x00000000       0x2c d:/envs/c++/arm/10 2021.10/bin/../lib/gcc/arm-none-eabi/10.3.1/../../../../arm-none-eabi/lib/thumb/v7e-m+fp/hard\libc_nano.a(lib_a-init.o)
 .debug_frame   0x0000002c       0x20 d:/envs/c++/arm/10 2021.10/bin/../lib/gcc/arm-none-eabi/10.3.1/../../../../arm-none-eabi/lib/thumb/v7e-m+fp/hard\libc_nano.a(lib_a-memset.o)
 .debug_frame   0x0000004c       0xd8 CMakeFiles/GongXun12_13.dir/Freertos/Src/list.c.obj
 .debug_frame   0x00000124      0x470 CMakeFiles/GongXun12_13.dir/Freertos/Src/queue.c.obj
 .debug_frame   0x00000594      0xa08 CMakeFiles/GongXun12_13.dir/Freertos/Src/tasks.c.obj
 .debug_frame   0x00000f9c      0x410 CMakeFiles/GongXun12_13.dir/Freertos/Src/timers.c.obj
 .debug_frame   0x000013ac      0x1a8 CMakeFiles/GongXun12_13.dir/Freertos/Port/port.c.obj
 .debug_frame   0x00001554      0x150 CMakeFiles/GongXun12_13.dir/Freertos/Port/heap_4.c.obj
 .debug_frame   0x000016a4       0x34 CMakeFiles/GongXun12_13.dir/Core/Sys/System.c.obj
 .debug_frame   0x000016d8       0xc0 CMakeFiles/GongXun12_13.dir/Core/Sys/Delay.c.obj
 .debug_frame   0x00001798       0x30 CMakeFiles/GongXun12_13.dir/Core/Task/led.c.obj
 .debug_frame   0x000017c8       0xc4 CMakeFiles/GongXun12_13.dir/Core/Task/move.c.obj
 .debug_frame   0x0000188c       0x30 CMakeFiles/GongXun12_13.dir/Core/Task/data.c.obj
 .debug_frame   0x000018bc       0x30 CMakeFiles/GongXun12_13.dir/Core/Task/show.c.obj
 .debug_frame   0x000018ec       0x30 CMakeFiles/GongXun12_13.dir/Core/Task/ps2.c.obj
 .debug_frame   0x0000191c      0x210 CMakeFiles/GongXun12_13.dir/Core/App/PS2/pstwo.c.obj
 .debug_frame   0x00001b2c      0x1e8 CMakeFiles/GongXun12_13.dir/Core/App/OLED/oled.c.obj
 .debug_frame   0x00001d14      0x188 CMakeFiles/GongXun12_13.dir/Core/App/Motor/motor.c.obj
 .debug_frame   0x00001e9c       0xf4 CMakeFiles/GongXun12_13.dir/Core/App/Raspi/Raspi.c.obj
 .debug_frame   0x00001f90       0x6c CMakeFiles/GongXun12_13.dir/Core/App/Servo/servo.c.obj
 .debug_frame   0x00001ffc       0x8c CMakeFiles/GongXun12_13.dir/Core/Src/main.c.obj
 .debug_frame   0x00002088       0x34 CMakeFiles/GongXun12_13.dir/Core/Src/gpio.c.obj
 .debug_frame   0x000020bc       0x7c CMakeFiles/GongXun12_13.dir/Core/Src/adc.c.obj
 .debug_frame   0x00002138      0x1ec CMakeFiles/GongXun12_13.dir/Core/Src/tim.c.obj
 .debug_frame   0x00002324       0x90 CMakeFiles/GongXun12_13.dir/Core/Src/usart.c.obj
 .debug_frame   0x000023b4       0xfc CMakeFiles/GongXun12_13.dir/Core/Src/stm32f4xx_it.c.obj
 .debug_frame   0x000024b0       0x38 CMakeFiles/GongXun12_13.dir/Core/Src/stm32f4xx_hal_msp.c.obj
 .debug_frame   0x000024e8       0x74 CMakeFiles/GongXun12_13.dir/Core/Src/stm32f4xx_hal_timebase_tim.c.obj
 .debug_frame   0x0000255c      0x3fc CMakeFiles/GongXun12_13.dir/Drivers/STM32F4xx_HAL_Driver/Src/stm32f4xx_hal_adc.c.obj
 .debug_frame   0x00002958      0x250 CMakeFiles/GongXun12_13.dir/Drivers/STM32F4xx_HAL_Driver/Src/stm32f4xx_hal_adc_ex.c.obj
 .debug_frame   0x00002ba8      0x1f4 CMakeFiles/GongXun12_13.dir/Drivers/STM32F4xx_HAL_Driver/Src/stm32f4xx_hal_rcc.c.obj
 .debug_frame   0x00002d9c      0x14c CMakeFiles/GongXun12_13.dir/Drivers/STM32F4xx_HAL_Driver/Src/stm32f4xx_hal_gpio.c.obj
 .debug_frame   0x00002ee8      0x250 CMakeFiles/GongXun12_13.dir/Drivers/STM32F4xx_HAL_Driver/Src/stm32f4xx_hal_dma.c.obj
 .debug_frame   0x00003138      0x264 CMakeFiles/GongXun12_13.dir/Drivers/STM32F4xx_HAL_Driver/Src/stm32f4xx_hal_pwr.c.obj
 .debug_frame   0x0000339c      0x4b8 CMakeFiles/GongXun12_13.dir/Drivers/STM32F4xx_HAL_Driver/Src/stm32f4xx_hal_cortex.c.obj
 .debug_frame   0x00003854      0x374 CMakeFiles/GongXun12_13.dir/Drivers/STM32F4xx_HAL_Driver/Src/stm32f4xx_hal.c.obj
 .debug_frame   0x00003bc8     0x11c0 CMakeFiles/GongXun12_13.dir/Drivers/STM32F4xx_HAL_Driver/Src/stm32f4xx_hal_tim.c.obj
 .debug_frame   0x00004d88      0x638 CMakeFiles/GongXun12_13.dir/Drivers/STM32F4xx_HAL_Driver/Src/stm32f4xx_hal_tim_ex.c.obj
 .debug_frame   0x000053c0      0x954 CMakeFiles/GongXun12_13.dir/Drivers/STM32F4xx_HAL_Driver/Src/stm32f4xx_hal_uart.c.obj
 .debug_frame   0x00005d14       0x58 CMakeFiles/GongXun12_13.dir/Core/Src/system_stm32f4xx.c.obj
 .debug_frame   0x00005d6c       0xac d:/envs/c++/arm/10 2021.10/bin/../lib/gcc/arm-none-eabi/10.3.1/thumb/v7e-m+fp/hard\libgcc.a(_arm_addsubdf3.o)
 .debug_frame   0x00005e18       0x50 d:/envs/c++/arm/10 2021.10/bin/../lib/gcc/arm-none-eabi/10.3.1/thumb/v7e-m+fp/hard\libgcc.a(_arm_muldivdf3.o)
 .debug_frame   0x00005e68       0xc4 d:/envs/c++/arm/10 2021.10/bin/../lib/gcc/arm-none-eabi/10.3.1/thumb/v7e-m+fp/hard\libgcc.a(_arm_cmpdf2.o)
 .debug_frame   0x00005f2c       0x24 d:/envs/c++/arm/10 2021.10/bin/../lib/gcc/arm-none-eabi/10.3.1/thumb/v7e-m+fp/hard\libgcc.a(_arm_fixunsdfsi.o)
 .debug_frame   0x00005f50       0x24 d:/envs/c++/arm/10 2021.10/bin/../lib/gcc/arm-none-eabi/10.3.1/thumb/v7e-m+fp/hard\libgcc.a(_arm_truncdfsf2.o)
 .debug_frame   0x00005f74       0x2c d:/envs/c++/arm/10 2021.10/bin/../lib/gcc/arm-none-eabi/10.3.1/thumb/v7e-m+fp/hard\libgcc.a(_aeabi_uldivmod.o)
 .debug_frame   0x00005fa0       0x34 d:/envs/c++/arm/10 2021.10/bin/../lib/gcc/arm-none-eabi/10.3.1/thumb/v7e-m+fp/hard\libgcc.a(_udivmoddi4.o)
 .debug_frame   0x00005fd4       0x28 d:/envs/c++/arm/10 2021.10/bin/../lib/gcc/arm-none-eabi/10.3.1/../../../../arm-none-eabi/lib/thumb/v7e-m+fp/hard\libg_nano.a(lib_a-memcpy-stub.o)

.debug_info     0x00000000    0x1ad8e
 .debug_info    0x00000000      0x2d1 CMakeFiles/GongXun12_13.dir/Freertos/Src/list.c.obj
 .debug_info    0x000002d1     0x15da CMakeFiles/GongXun12_13.dir/Freertos/Src/queue.c.obj
 .debug_info    0x000018ab     0x27fd CMakeFiles/GongXun12_13.dir/Freertos/Src/tasks.c.obj
 .debug_info    0x000040a8      0xe6f CMakeFiles/GongXun12_13.dir/Freertos/Src/timers.c.obj
 .debug_info    0x00004f17      0x4f7 CMakeFiles/GongXun12_13.dir/Freertos/Port/port.c.obj
 .debug_info    0x0000540e      0x504 CMakeFiles/GongXun12_13.dir/Freertos/Port/heap_4.c.obj
 .debug_info    0x00005912      0x761 CMakeFiles/GongXun12_13.dir/Core/Sys/System.c.obj
 .debug_info    0x00006073      0x1ef CMakeFiles/GongXun12_13.dir/Core/Sys/Delay.c.obj
 .debug_info    0x00006262      0x721 CMakeFiles/GongXun12_13.dir/Core/Task/led.c.obj
 .debug_info    0x00006983      0x2b9 CMakeFiles/GongXun12_13.dir/Core/Task/move.c.obj
 .debug_info    0x00006c3c      0x105 CMakeFiles/GongXun12_13.dir/Core/Task/data.c.obj
 .debug_info    0x00006d41      0x154 CMakeFiles/GongXun12_13.dir/Core/Task/show.c.obj
 .debug_info    0x00006e95      0x131 CMakeFiles/GongXun12_13.dir/Core/Task/ps2.c.obj
 .debug_info    0x00006fc6      0x468 CMakeFiles/GongXun12_13.dir/Core/App/PS2/pstwo.c.obj
 .debug_info    0x0000742e      0x8c1 CMakeFiles/GongXun12_13.dir/Core/App/OLED/oled.c.obj
 .debug_info    0x00007cef      0xac3 CMakeFiles/GongXun12_13.dir/Core/App/Motor/motor.c.obj
 .debug_info    0x000087b2      0x920 CMakeFiles/GongXun12_13.dir/Core/App/Raspi/Raspi.c.obj
 .debug_info    0x000090d2      0x6a5 CMakeFiles/GongXun12_13.dir/Core/App/Servo/servo.c.obj
 .debug_info    0x00009777      0xaad CMakeFiles/GongXun12_13.dir/Core/Src/main.c.obj
 .debug_info    0x0000a224      0x460 CMakeFiles/GongXun12_13.dir/Core/Src/gpio.c.obj
 .debug_info    0x0000a684      0xa3c CMakeFiles/GongXun12_13.dir/Core/Src/adc.c.obj
 .debug_info    0x0000b0c0     0x11c1 CMakeFiles/GongXun12_13.dir/Core/Src/tim.c.obj
 .debug_info    0x0000c281      0xbe4 CMakeFiles/GongXun12_13.dir/Core/Src/usart.c.obj
 .debug_info    0x0000ce65      0x9b8 CMakeFiles/GongXun12_13.dir/Core/Src/stm32f4xx_it.c.obj
 .debug_info    0x0000d81d      0x2a8 CMakeFiles/GongXun12_13.dir/Core/Src/stm32f4xx_hal_msp.c.obj
 .debug_info    0x0000dac5      0xb9b CMakeFiles/GongXun12_13.dir/Core/Src/stm32f4xx_hal_timebase_tim.c.obj
 .debug_info    0x0000e660      0xd14 CMakeFiles/GongXun12_13.dir/Drivers/STM32F4xx_HAL_Driver/Src/stm32f4xx_hal_adc.c.obj
 .debug_info    0x0000f374      0xb5a CMakeFiles/GongXun12_13.dir/Drivers/STM32F4xx_HAL_Driver/Src/stm32f4xx_hal_adc_ex.c.obj
 .debug_info    0x0000fece      0x921 CMakeFiles/GongXun12_13.dir/Drivers/STM32F4xx_HAL_Driver/Src/stm32f4xx_hal_rcc.c.obj
 .debug_info    0x000107ef      0x76a CMakeFiles/GongXun12_13.dir/Drivers/STM32F4xx_HAL_Driver/Src/stm32f4xx_hal_gpio.c.obj
 .debug_info    0x00010f59      0x943 CMakeFiles/GongXun12_13.dir/Drivers/STM32F4xx_HAL_Driver/Src/stm32f4xx_hal_dma.c.obj
 .debug_info    0x0001189c      0x72d CMakeFiles/GongXun12_13.dir/Drivers/STM32F4xx_HAL_Driver/Src/stm32f4xx_hal_pwr.c.obj
 .debug_info    0x00011fc9      0xe2e CMakeFiles/GongXun12_13.dir/Drivers/STM32F4xx_HAL_Driver/Src/stm32f4xx_hal_cortex.c.obj
 .debug_info    0x00012df7      0x929 CMakeFiles/GongXun12_13.dir/Drivers/STM32F4xx_HAL_Driver/Src/stm32f4xx_hal.c.obj
 .debug_info    0x00013720     0x2b8e CMakeFiles/GongXun12_13.dir/Drivers/STM32F4xx_HAL_Driver/Src/stm32f4xx_hal_tim.c.obj
 .debug_info    0x000162ae     0x14db CMakeFiles/GongXun12_13.dir/Drivers/STM32F4xx_HAL_Driver/Src/stm32f4xx_hal_tim_ex.c.obj
 .debug_info    0x00017789     0x30c0 CMakeFiles/GongXun12_13.dir/Drivers/STM32F4xx_HAL_Driver/Src/stm32f4xx_hal_uart.c.obj
 .debug_info    0x0001a849      0x523 CMakeFiles/GongXun12_13.dir/Core/Src/system_stm32f4xx.c.obj
 .debug_info    0x0001ad6c       0x22 CMakeFiles/GongXun12_13.dir/startup_stm32f407xx.s.obj

.debug_abbrev   0x00000000     0x41e1
 .debug_abbrev  0x00000000       0xf2 CMakeFiles/GongXun12_13.dir/Freertos/Src/list.c.obj
 .debug_abbrev  0x000000f2      0x25c CMakeFiles/GongXun12_13.dir/Freertos/Src/queue.c.obj
 .debug_abbrev  0x0000034e      0x2e0 CMakeFiles/GongXun12_13.dir/Freertos/Src/tasks.c.obj
 .debug_abbrev  0x0000062e      0x238 CMakeFiles/GongXun12_13.dir/Freertos/Src/timers.c.obj
 .debug_abbrev  0x00000866      0x21e CMakeFiles/GongXun12_13.dir/Freertos/Port/port.c.obj
 .debug_abbrev  0x00000a84      0x1f5 CMakeFiles/GongXun12_13.dir/Freertos/Port/heap_4.c.obj
 .debug_abbrev  0x00000c79       0xfa CMakeFiles/GongXun12_13.dir/Core/Sys/System.c.obj
 .debug_abbrev  0x00000d73       0xee CMakeFiles/GongXun12_13.dir/Core/Sys/Delay.c.obj
 .debug_abbrev  0x00000e61      0x18d CMakeFiles/GongXun12_13.dir/Core/Task/led.c.obj
 .debug_abbrev  0x00000fee      0x129 CMakeFiles/GongXun12_13.dir/Core/Task/move.c.obj
 .debug_abbrev  0x00001117       0xa4 CMakeFiles/GongXun12_13.dir/Core/Task/data.c.obj
 .debug_abbrev  0x000011bb       0xb1 CMakeFiles/GongXun12_13.dir/Core/Task/show.c.obj
 .debug_abbrev  0x0000126c       0xb3 CMakeFiles/GongXun12_13.dir/Core/Task/ps2.c.obj
 .debug_abbrev  0x0000131f      0x1f5 CMakeFiles/GongXun12_13.dir/Core/App/PS2/pstwo.c.obj
 .debug_abbrev  0x00001514      0x23a CMakeFiles/GongXun12_13.dir/Core/App/OLED/oled.c.obj
 .debug_abbrev  0x0000174e      0x1ed CMakeFiles/GongXun12_13.dir/Core/App/Motor/motor.c.obj
 .debug_abbrev  0x0000193b      0x1c1 CMakeFiles/GongXun12_13.dir/Core/App/Raspi/Raspi.c.obj
 .debug_abbrev  0x00001afc      0x15c CMakeFiles/GongXun12_13.dir/Core/App/Servo/servo.c.obj
 .debug_abbrev  0x00001c58      0x1d2 CMakeFiles/GongXun12_13.dir/Core/Src/main.c.obj
 .debug_abbrev  0x00001e2a      0x121 CMakeFiles/GongXun12_13.dir/Core/Src/gpio.c.obj